Component: ARM Compiler 5.06 update 6 (build 750) Tool: armlink [4d35ed]

==============================================================================

Section Cross References

    startup_stm32f407xx.o(RESET) refers to startup_stm32f407xx.o(STACK) for __initial_sp
    startup_stm32f407xx.o(RESET) refers to startup_stm32f407xx.o(.text) for Reset_Handler
    startup_stm32f407xx.o(RESET) refers to stm32f4xx_it.o(i.NMI_Handler) for NMI_Handler
    startup_stm32f407xx.o(RESET) refers to stm32f4xx_it.o(i.HardFault_Handler) for HardFault_Handler
    startup_stm32f407xx.o(RESET) refers to stm32f4xx_it.o(i.MemManage_Handler) for MemManage_Handler
    startup_stm32f407xx.o(RESET) refers to stm32f4xx_it.o(i.BusFault_Handler) for BusFault_Handler
    startup_stm32f407xx.o(RESET) refers to stm32f4xx_it.o(i.UsageFault_Handler) for UsageFault_Handler
    startup_stm32f407xx.o(RESET) refers to stm32f4xx_it.o(i.SVC_Handler) for SVC_Handler
    startup_stm32f407xx.o(RESET) refers to stm32f4xx_it.o(i.DebugMon_Handler) for DebugMon_Handler
    startup_stm32f407xx.o(RESET) refers to stm32f4xx_it.o(i.PendSV_Handler) for PendSV_Handler
    startup_stm32f407xx.o(RESET) refers to stm32f4xx_it.o(i.SysTick_Handler) for SysTick_Handler
    startup_stm32f407xx.o(RESET) refers to stm32f4xx_it.o(i.DMA1_Stream4_IRQHandler) for DMA1_Stream4_IRQHandler
    startup_stm32f407xx.o(RESET) refers to stm32f4xx_it.o(i.DMA1_Stream5_IRQHandler) for DMA1_Stream5_IRQHandler
    startup_stm32f407xx.o(RESET) refers to stm32f4xx_it.o(i.TIM3_IRQHandler) for TIM3_IRQHandler
    startup_stm32f407xx.o(RESET) refers to stm32f4xx_it.o(i.UART4_IRQHandler) for UART4_IRQHandler
    startup_stm32f407xx.o(RESET) refers to stm32f4xx_it.o(i.DMA2_Stream1_IRQHandler) for DMA2_Stream1_IRQHandler
    startup_stm32f407xx.o(.text) refers to system_stm32f4xx.o(i.SystemInit) for SystemInit
    startup_stm32f407xx.o(.text) refers to entry.o(.ARM.Collect$$$$00000000) for __main
    ephemeris.o(i.eph2clk) refers to rtkcmn.o(i.timediff) for timediff
    ephemeris.o(i.eph2clk) refers to dmul.o(.text) for __aeabi_dmul
    ephemeris.o(i.eph2clk) refers to dadd.o(.text) for __aeabi_dadd
    ephemeris.o(i.eph2pos) refers to rtkcmn.o(i.timediff) for timediff
    ephemeris.o(i.eph2pos) refers to dmul.o(.text) for __aeabi_dmul
    ephemeris.o(i.eph2pos) refers to ddiv.o(.text) for __aeabi_ddiv
    ephemeris.o(i.eph2pos) refers to sqrt.o(i.__hardfp_sqrt) for __hardfp_sqrt
    ephemeris.o(i.eph2pos) refers to dadd.o(.text) for __aeabi_dadd
    ephemeris.o(i.eph2pos) refers to cos.o(i.__hardfp_cos) for __hardfp_cos
    ephemeris.o(i.eph2pos) refers to sin.o(i.__hardfp_sin) for __hardfp_sin
    ephemeris.o(i.eph2pos) refers to fabs.o(i.__hardfp_fabs) for __hardfp_fabs
    ephemeris.o(i.eph2pos) refers to cdrcmple.o(.text) for __aeabi_cdrcmple
    ephemeris.o(i.eph2pos) refers to atan2.o(i.__hardfp_atan2) for __hardfp_atan2
    ephemeris.o(i.eph2pos) refers to memcpya.o(.text) for __aeabi_memcpy4
    ephemeris.o(i.eph2pos) refers to ephemeris.o(.constdata) for .constdata
    ephemeris.o(i.ephclk) refers to ephemeris.o(i.seleph) for seleph
    ephemeris.o(i.ephclk) refers to ephemeris.o(i.eph2clk) for eph2clk
    ephemeris.o(i.ephpos) refers to ephemeris.o(i.seleph) for seleph
    ephemeris.o(i.ephpos) refers to ephemeris.o(i.eph2pos) for eph2pos
    ephemeris.o(i.ephpos) refers to rtkcmn.o(i.timeadd) for timeadd
    ephemeris.o(i.ephpos) refers to dadd.o(.text) for __aeabi_dsub
    ephemeris.o(i.ephpos) refers to ddiv.o(.text) for __aeabi_ddiv
    ephemeris.o(i.satpos) refers to ephemeris.o(i.ephpos) for ephpos
    ephemeris.o(i.satposs) refers to memseta.o(.text) for __aeabi_memclr4
    ephemeris.o(i.satposs) refers to cdcmple.o(.text) for __aeabi_cdcmpeq
    ephemeris.o(i.satposs) refers to ddiv.o(.text) for __aeabi_ddiv
    ephemeris.o(i.satposs) refers to rtkcmn.o(i.timeadd) for timeadd
    ephemeris.o(i.satposs) refers to ephemeris.o(i.ephclk) for ephclk
    ephemeris.o(i.satposs) refers to ephemeris.o(i.satpos) for satpos
    ephemeris.o(i.seleph) refers to rtkcmn.o(i.timediff) for timediff
    ephemeris.o(i.seleph) refers to fabs.o(i.__hardfp_fabs) for __hardfp_fabs
    ephemeris.o(i.seleph) refers to cdrcmple.o(.text) for __aeabi_cdrcmple
    ephemeris.o(i.seleph) refers to cdcmple.o(.text) for __aeabi_cdcmple
    lambda.o(i.LD) refers to rtkcmn.o(i.mat) for mat
    lambda.o(i.LD) refers to memcpya.o(.text) for __aeabi_memcpy4
    lambda.o(i.LD) refers to cdcmple.o(.text) for __aeabi_cdcmple
    lambda.o(i.LD) refers to sqrt.o(i.__hardfp_sqrt) for __hardfp_sqrt
    lambda.o(i.LD) refers to ddiv.o(.text) for __aeabi_ddiv
    lambda.o(i.LD) refers to dmul.o(.text) for __aeabi_dmul
    lambda.o(i.LD) refers to dadd.o(.text) for __aeabi_drsub
    lambda.o(i.LD) refers to malloc.o(i.free) for free
    lambda.o(i.gauss) refers to dadd.o(.text) for __aeabi_dadd
    lambda.o(i.gauss) refers to floor.o(i.__hardfp_floor) for __hardfp_floor
[...]
    Removing stm32f4xx_hal_pwr.o(i.HAL_PWR_EnableSEVOnPend), (16 bytes).
    Removing stm32f4xx_hal_pwr.o(i.HAL_PWR_EnableSleepOnExit), (16 bytes).
    Removing stm32f4xx_hal_pwr.o(i.HAL_PWR_EnableWakeUpPin), (16 bytes).
    Removing stm32f4xx_hal_pwr.o(i.HAL_PWR_EnterSLEEPMode), (32 bytes).
    Removing stm32f4xx_hal_pwr.o(i.HAL_PWR_EnterSTANDBYMode), (32 bytes).
    Removing stm32f4xx_hal_pwr.o(i.HAL_PWR_EnterSTOPMode), (56 bytes).
    Removing stm32f4xx_hal_pwr.o(i.HAL_PWR_PVDCallback), (2 bytes).
    Removing stm32f4xx_hal_pwr.o(i.HAL_PWR_PVD_IRQHandler), (28 bytes).
    Removing stm32f4xx_hal_pwr_ex.o(.rev16_text), (4 bytes).
    Removing stm32f4xx_hal_pwr_ex.o(.revsh_text), (4 bytes).
    Removing stm32f4xx_hal_pwr_ex.o(.rrx_text), (6 bytes).
    Removing stm32f4xx_hal_pwr_ex.o(i.HAL_PWREx_ControlVoltageScaling), (88 bytes).
    Removing stm32f4xx_hal_pwr_ex.o(i.HAL_PWREx_DisableBkUpReg), (60 bytes).
    Removing stm32f4xx_hal_pwr_ex.o(i.HAL_PWREx_DisableFlashPowerDown), (12 bytes).
    Removing stm32f4xx_hal_pwr_ex.o(i.HAL_PWREx_EnableBkUpReg), (60 bytes).
    Removing stm32f4xx_hal_pwr_ex.o(i.HAL_PWREx_EnableFlashPowerDown), (12 bytes).
    Removing stm32f4xx_hal_pwr_ex.o(i.HAL_PWREx_GetVoltageRange), (16 bytes).
    Removing stm32f4xx_hal_cortex.o(.rev16_text), (4 bytes).
    Removing stm32f4xx_hal_cortex.o(.revsh_text), (4 bytes).
    Removing stm32f4xx_hal_cortex.o(.rrx_text), (6 bytes).
    Removing stm32f4xx_hal_cortex.o(i.HAL_MPU_ConfigRegion), (84 bytes).
    Removing stm32f4xx_hal_cortex.o(i.HAL_MPU_Disable), (28 bytes).
    Removing stm32f4xx_hal_cortex.o(i.HAL_MPU_Enable), (36 bytes).
    Removing stm32f4xx_hal_cortex.o(i.HAL_NVIC_ClearPendingIRQ), (22 bytes).
    Removing stm32f4xx_hal_cortex.o(i.HAL_NVIC_DisableIRQ), (22 bytes).
    Removing stm32f4xx_hal_cortex.o(i.HAL_NVIC_GetActive), (32 bytes).
    Removing stm32f4xx_hal_cortex.o(i.HAL_NVIC_GetPendingIRQ), (32 bytes).
    Removing stm32f4xx_hal_cortex.o(i.HAL_NVIC_GetPriority), (82 bytes).
    Removing stm32f4xx_hal_cortex.o(i.HAL_NVIC_GetPriorityGrouping), (16 bytes).
    Removing stm32f4xx_hal_cortex.o(i.HAL_NVIC_SetPendingIRQ), (22 bytes).
    Removing stm32f4xx_hal_cortex.o(i.HAL_NVIC_SystemReset), (36 bytes).
    Removing stm32f4xx_hal_cortex.o(i.HAL_SYSTICK_CLKSourceConfig), (24 bytes).
    Removing stm32f4xx_hal_cortex.o(i.HAL_SYSTICK_Callback), (2 bytes).
    Removing stm32f4xx_hal_cortex.o(i.HAL_SYSTICK_IRQHandler), (8 bytes).
    Removing stm32f4xx_hal.o(.rev16_text), (4 bytes).
    Removing stm32f4xx_hal.o(.revsh_text), (4 bytes).
    Removing stm32f4xx_hal.o(.rrx_text), (6 bytes).
    Removing stm32f4xx_hal.o(i.HAL_DBGMCU_DisableDBGSleepMode), (16 bytes).
    Removing stm32f4xx_hal.o(i.HAL_DBGMCU_DisableDBGStandbyMode), (16 bytes).
    Removing stm32f4xx_hal.o(i.HAL_DBGMCU_DisableDBGStopMode), (16 bytes).
    Removing stm32f4xx_hal.o(i.HAL_DBGMCU_EnableDBGSleepMode), (16 bytes).
    Removing stm32f4xx_hal.o(i.HAL_DBGMCU_EnableDBGStandbyMode), (16 bytes).
    Removing stm32f4xx_hal.o(i.HAL_DBGMCU_EnableDBGStopMode), (16 bytes).
    Removing stm32f4xx_hal.o(i.HAL_DeInit), (52 bytes).
    Removing stm32f4xx_hal.o(i.HAL_DisableCompensationCell), (12 bytes).
    Removing stm32f4xx_hal.o(i.HAL_EnableCompensationCell), (12 bytes).
    Removing stm32f4xx_hal.o(i.HAL_GetDEVID), (16 bytes).
    Removing stm32f4xx_hal.o(i.HAL_GetHalVersion), (8 bytes).
    Removing stm32f4xx_hal.o(i.HAL_GetREVID), (12 bytes).
    Removing stm32f4xx_hal.o(i.HAL_GetTickFreq), (12 bytes).
    Removing stm32f4xx_hal.o(i.HAL_GetTickPrio), (12 bytes).
    Removing stm32f4xx_hal.o(i.HAL_GetUID), (28 bytes).
    Removing stm32f4xx_hal.o(i.HAL_MspDeInit), (2 bytes).
    Removing stm32f4xx_hal.o(i.HAL_MspInit), (2 bytes).
    Removing stm32f4xx_hal.o(i.HAL_ResumeTick), (14 bytes).
    Removing stm32f4xx_hal.o(i.HAL_SetTickFreq), (28 bytes).
    Removing stm32f4xx_hal.o(i.HAL_SuspendTick), (14 bytes).
    Removing system_stm32f4xx.o(.rev16_text), (4 bytes).
    Removing system_stm32f4xx.o(.revsh_text), (4 bytes).
    Removing system_stm32f4xx.o(.rrx_text), (6 bytes).
    Removing system_stm32f4xx.o(i.SystemCoreClockUpdate), (124 bytes).
    Removing dneg.o(.text), (6 bytes).
    Removing dfixui.o(.text), (50 bytes).
    Removing f2d.o(.text), (38 bytes).
    Removing cdcmple.o(.text), (48 bytes).
    Removing cdrcmple.o(.text), (48 bytes).
    Removing d2f.o(.text), (56 bytes).
    Removing fepilogue.o(.text), (110 bytes).
    Removing dscalb.o(.text), (46 bytes).
    Removing dfixul.o(.text), (48 bytes).

494 unused section(s) (total 61869 bytes) removed from the image.

==============================================================================

Image Symbol Table

    Local Symbols

    Symbol Name                              Value     Ov Type        Size  Object(Section)

    ../Core/Src/main.c                       0x00000000   Number         0  main.o ABSOLUTE
    ../Core/Src/stm32f4xx_hal_msp.c          0x00000000   Number         0  stm32f4xx_hal_msp.o ABSOLUTE
    ../Core/Src/stm32f4xx_it.c               0x00000000   Number         0  stm32f4xx_it.o ABSOLUTE
    ../Core/Src/system_stm32f4xx.c           0x00000000   Number         0  system_stm32f4xx.o ABSOLUTE
    ../Drivers/STM32F4xx_HAL_Driver/Src/stm32f4xx_hal.c 0x00000000   Number         0  stm32f4xx_hal.o ABSOLUTE
    ../Drivers/STM32F4xx_HAL_Driver/Src/stm32f4xx_hal_cortex.c 0x00000000   Number         0  stm32f4xx_hal_cortex.o ABSOLUTE
    ../Drivers/STM32F4xx_HAL_Driver/Src/stm32f4xx_hal_dma.c 0x00000000   Number         0  stm32f4xx_hal_dma.o ABSOLUTE
    ../Drivers/STM32F4xx_HAL_Driver/Src/stm32f4xx_hal_dma_ex.c 0x00000000   Number         0  stm32f4xx_hal_dma_ex.o ABSOLUTE
    ../Drivers/STM32F4xx_HAL_Driver/Src/stm32f4xx_hal_flash.c 0x00000000   Number         0  stm32f4xx_hal_flash.o ABSOLUTE
    ../Drivers/STM32F4xx_HAL_Driver/Src/stm32f4xx_hal_flash_ex.c 0x00000000   Number         0  stm32f4xx_hal_flash_ex.o ABSOLUTE
    ../Drivers/STM32F4xx_HAL_Driver/Src/stm32f4xx_hal_flash_ramfunc.c 0x00000000   Number         0  stm32f4xx_hal_flash_ramfunc.o ABSOLUTE
    ../Drivers/STM32F4xx_HAL_Driver/Src/stm32f4xx_hal_gpio.c 0x00000000   Number         0  stm32f4xx_hal_gpio.o ABSOLUTE
    ../Drivers/STM32F4xx_HAL_Driver/Src/stm32f4xx_hal_pwr.c 0x00000000   Number         0  stm32f4xx_hal_pwr.o ABSOLUTE
    ../Drivers/STM32F4xx_HAL_Driver/Src/stm32f4xx_hal_pwr_ex.c 0x00000000   Number         0  stm32f4xx_hal_pwr_ex.o ABSOLUTE
    ../Drivers/STM32F4xx_HAL_Driver/Src/stm32f4xx_hal_rcc.c 0x00000000   Number         0  stm32f4xx_hal_rcc.o ABSOLUTE
    ../Drivers/STM32F4xx_HAL_Driver/Src/stm32f4xx_hal_rcc_ex.c 0x00000000   Number         0  stm32f4xx_hal_rcc_ex.o ABSOLUTE
    ../Drivers/STM32F4xx_HAL_Driver/Src/stm32f4xx_hal_tim.c 0x00000000   Number         0  stm32f4xx_hal_tim.o ABSOLUTE
    ../Drivers/STM32F4xx_HAL_Driver/Src/stm32f4xx_hal_tim_ex.c 0x00000000   Number         0  stm32f4xx_hal_tim_ex.o ABSOLUTE
    ../Drivers/STM32F4xx_HAL_Driver/Src/stm32f4xx_hal_uart.c 0x00000000   Number         0  stm32f4xx_hal_uart.o ABSOLUTE
    ../clib/../cmprslib/zerorunl.c           0x00000000   Number         0  __dczerorl.o ABSOLUTE
    ../clib/microlib/division.c              0x00000000   Number         0  uidiv.o ABSOLUTE
    ../clib/microlib/division.c              0x00000000   Number         0  uldiv.o ABSOLUTE
    ../clib/microlib/errno.c                 0x00000000   Number         0  errno.o ABSOLUTE
    ../clib/microlib/init/entry.s            0x00000000   Number         0  entry9a.o ABSOLUTE
    ../clib/microlib/init/entry.s            0x00000000   Number         0  entry10b.o ABSOLUTE
    ../clib/microlib/init/entry.s            0x00000000   Number         0  entry8a.o ABSOLUTE
    ../clib/microlib/init/entry.s            0x00000000   Number         0  entry8b.o ABSOLUTE
    ../clib/microlib/init/entry.s            0x00000000   Number         0  entry7b.o ABSOLUTE
    ../clib/microlib/init/entry.s            0x00000000   Number         0  entry7a.o ABSOLUTE
    ../clib/microlib/init/entry.s            0x00000000   Number         0  entry11a.o ABSOLUTE
    ../clib/microlib/init/entry.s            0x00000000   Number         0  entry11b.o ABSOLUTE
    ../clib/microlib/init/entry.s            0x00000000   Number         0  entry2.o ABSOLUTE
    ../clib/microlib/init/entry.s            0x00000000   Number         0  entry9b.o ABSOLUTE
    ../clib/microlib/init/entry.s            0x00000000   Number         0  entry5.o ABSOLUTE
    ../clib/microlib/init/entry.s            0x00000000   Number         0  entry10a.o ABSOLUTE
    ../clib/microlib/init/entry.s            0x00000000   Number         0  entry.o ABSOLUTE
    ../clib/microlib/longlong.c              0x00000000   Number         0  llshl.o ABSOLUTE
    ../clib/microlib/longlong.c              0x00000000   Number         0  llushr.o ABSOLUTE
    ../clib/microlib/longlong.c              0x00000000   Number         0  llsshr.o ABSOLUTE
    ../clib/microlib/malloc/calloc.c         0x00000000   Number         0  calloc.o ABSOLUTE
    ../clib/microlib/malloc/malloc.c         0x00000000   Number         0  mallocr.o ABSOLUTE
    ../clib/microlib/malloc/malloc.c         0x00000000   Number         0  malloc.o ABSOLUTE
    ../clib/microlib/malloc/malloc.c         0x00000000   Number         0  malloca.o ABSOLUTE
    ../clib/microlib/malloc/malloc.c         0x00000000   Number         0  mallocra.o ABSOLUTE
    ../clib/microlib/malloc/mvars.c          0x00000000   Number         0  mvars.o ABSOLUTE
    ../clib/microlib/printf/printf.c         0x00000000   Number         0  printf5.o ABSOLUTE
    ../clib/microlib/printf/printf.c         0x00000000   Number         0  printfb.o ABSOLUTE
    ../clib/microlib/printf/printf.c         0x00000000   Number         0  printf0.o ABSOLUTE
    ../clib/microlib/printf/printf.c         0x00000000   Number         0  printf1.o ABSOLUTE
    ../clib/microlib/printf/printf.c         0x00000000   Number         0  printf2.o ABSOLUTE
    ../clib/microlib/printf/printf.c         0x00000000   Number         0  printf6.o ABSOLUTE
    ../clib/microlib/printf/printf.c         0x00000000   Number         0  printf3.o ABSOLUTE
    ../clib/microlib/printf/printf.c         0x00000000   Number         0  printf4.o ABSOLUTE
    ../clib/microlib/printf/printf.c         0x00000000   Number         0  printf8.o ABSOLUTE
    ../clib/microlib/printf/printf.c         0x00000000   Number         0  printfa.o ABSOLUTE
    ../clib/microlib/printf/printf.c         0x00000000   Number         0  printf7.o ABSOLUTE
    ../clib/microlib/printf/stubs.s          0x00000000   Number         0  stubs.o ABSOLUTE
    ../clib/microlib/stdio/fputc.c           0x00000000   Number         0  fputc.o ABSOLUTE
    ../clib/microlib/stdio/semi.s            0x00000000   Number         0  semi.o ABSOLUTE
    ../clib/microlib/stdio/streams.c         0x00000000   Number         0  stdout.o ABSOLUTE
    ../clib/microlib/string/memcpy.c         0x00000000   Number         0  memcpyb.o ABSOLUTE
    ../clib/microlib/string/memcpy.c         0x00000000   Number         0  memcpya.o ABSOLUTE
    ../clib/microlib/string/memset.c         0x00000000   Number         0  memseta.o ABSOLUTE
    ../clib/microlib/string/strlen.c         0x00000000   Number         0  strlen.o ABSOLUTE
    ../clib/microlib/stubs.s                 0x00000000   Number         0  iusesemip.o ABSOLUTE
    ../clib/microlib/stubs.s                 0x00000000   Number         0  iusefp.o ABSOLUTE
    ../fplib/microlib/d2f.c                  0x00000000   Number         0  d2f.o ABSOLUTE
    ../fplib/microlib/f2d.c                  0x00000000   Number         0  f2d.o ABSOLUTE
    ../fplib/microlib/fpadd.c                0x00000000   Number         0  dadd.o ABSOLUTE
    ../fplib/microlib/fpdiv.c                0x00000000   Number         0  ddiv.o ABSOLUTE
    ../fplib/microlib/fpepilogue.c           0x00000000   Number         0  fepilogue.o ABSOLUTE
    ../fplib/microlib/fpepilogue.c           0x00000000   Number         0  depilogue.o ABSOLUTE
    ../fplib/microlib/fpfix.c                0x00000000   Number         0  dfixui.o ABSOLUTE
    ../fplib/microlib/fpfix.c                0x00000000   Number         0  dfixul.o ABSOLUTE
    ../fplib/microlib/fpfix.c                0x00000000   Number         0  dfixi.o ABSOLUTE
    ../fplib/microlib/fpflt.c                0x00000000   Number         0  dflti.o ABSOLUTE
    ../fplib/microlib/fpflt.c                0x00000000   Number         0  dfltui.o ABSOLUTE
    ../fplib/microlib/fpmul.c                0x00000000   Number         0  dmul.o ABSOLUTE
    ../fplib/microlib/fpneg.c                0x00000000   Number         0  dneg.o ABSOLUTE
    ../fplib/microlib/fpscalb.c              0x00000000   Number         0  dscalb.o ABSOLUTE
    ../fplib/microlib/fpsqrt.c               0x00000000   Number         0  dsqrt.o ABSOLUTE
    ../mathlib/asin.c                        0x00000000   Number         0  asin_x.o ABSOLUTE
    ../mathlib/asin.c                        0x00000000   Number         0  asin.o ABSOLUTE
    ../mathlib/atan.c                        0x00000000   Number         0  atan_x.o ABSOLUTE
    ../mathlib/atan.c                        0x00000000   Number         0  atan.o ABSOLUTE
    ../mathlib/atan2.c                       0x00000000   Number         0  atan2_x.o ABSOLUTE
    ../mathlib/atan2.c                       0x00000000   Number         0  atan2.o ABSOLUTE
    ../mathlib/cos.c                         0x00000000   Number         0  cos_x.o ABSOLUTE
    ../mathlib/cos.c                         0x00000000   Number         0  cos.o ABSOLUTE
    ../mathlib/cos_i.c                       0x00000000   Number         0  cos_i.o ABSOLUTE
    ../mathlib/difftime.c                    0x00000000   Number         0  difftime.o ABSOLUTE
    ../mathlib/dunder.c                      0x00000000   Number         0  dunder.o ABSOLUTE
    ../mathlib/exp.c                         0x00000000   Number         0  exp.o ABSOLUTE
    ../mathlib/exp.c                         0x00000000   Number         0  exp_x.o ABSOLUTE
    ../mathlib/fabs.c                        0x00000000   Number         0  fabs.o ABSOLUTE
    ../mathlib/floor.c                       0x00000000   Number         0  floor.o ABSOLUTE
    ../mathlib/fpclassify.c                  0x00000000   Number         0  fpclassify.o ABSOLUTE
    ../mathlib/poly.c                        0x00000000   Number         0  poly.o ABSOLUTE
    ../mathlib/pow.c                         0x00000000   Number         0  pow.o ABSOLUTE
    ../mathlib/pow.c                         0x00000000   Number         0  pow_x.o ABSOLUTE
    ../mathlib/qnan.c                        0x00000000   Number         0  qnan.o ABSOLUTE
    ../mathlib/rred.c                        0x00000000   Number         0  rred.o ABSOLUTE
    ../mathlib/sin.c                         0x00000000   Number         0  sin.o ABSOLUTE
    ../mathlib/sin.c                         0x00000000   Number         0  sin_x.o ABSOLUTE
    ../mathlib/sin_i.c                       0x00000000   Number         0  sin_i.o ABSOLUTE
    ../mathlib/sin_i.c                       0x00000000   Number         0  sin_i_x.o ABSOLUTE
    ../mathlib/sqrt.c                        0x00000000   Number         0  sqrt_x.o ABSOLUTE
    ../mathlib/sqrt.c                        0x00000000   Number         0  sqrt.o ABSOLUTE
    ..\Core\Src\SuperStarII.c                0x00000000   Number         0  superstarii.o ABSOLUTE
    ..\Core\Src\ephemeris.c                  0x00000000   Number         0  ephemeris.o ABSOLUTE
    ..\Core\Src\lambda.c                     0x00000000   Number         0  lambda.o ABSOLUTE
    ..\Core\Src\main.c                       0x00000000   Number         0  main.o ABSOLUTE
    ..\Core\Src\pntpos.c                     0x00000000   Number         0  pntpos.o ABSOLUTE
    ..\Core\Src\rcvraw.c                     0x00000000   Number         0  rcvraw.o ABSOLUTE
    ..\Core\Src\rtkcmn.c                     0x00000000   Number         0  rtkcmn.o ABSOLUTE
    ..\Core\Src\rtkpos.c                     0x00000000   Number         0  rtkpos.o ABSOLUTE
    ..\Core\Src\rtksvr.c                     0x00000000   Number         0  rtksvr.o ABSOLUTE
    ..\Core\Src\solution.c                   0x00000000   Number         0  solution.o ABSOLUTE
    ..\Core\Src\stm32f4xx_hal_msp.c          0x00000000   Number         0  stm32f4xx_hal_msp.o ABSOLUTE
    ..\Core\Src\stm32f4xx_it.c               0x00000000   Number         0  stm32f4xx_it.o ABSOLUTE
    ..\Core\Src\system_stm32f4xx.c           0x00000000   Number         0  system_stm32f4xx.o ABSOLUTE
    ..\Core\Src\ublox.c                      0x00000000   Number         0  ublox.o ABSOLUTE
    ..\Drivers\STM32F4xx_HAL_Driver\Src\stm32f4xx_hal.c 0x00000000   Number         0  stm32f4xx_hal.o ABSOLUTE
    ..\Drivers\STM32F4xx_HAL_Driver\Src\stm32f4xx_hal_cortex.c 0x00000000   Number         0  stm32f4xx_hal_cortex.o ABSOLUTE
    ..\Drivers\STM32F4xx_HAL_Driver\Src\stm32f4xx_hal_dma.c 0x00000000   Number         0  stm32f4xx_hal_dma.o ABSOLUTE
    ..\Drivers\STM32F4xx_HAL_Driver\Src\stm32f4xx_hal_dma_ex.c 0x00000000   Number         0  stm32f4xx_hal_dma_ex.o ABSOLUTE
    ..\Drivers\STM32F4xx_HAL_Driver\Src\stm32f4xx_hal_flash.c 0x00000000   Number         0  stm32f4xx_hal_flash.o ABSOLUTE
    ..\Drivers\STM32F4xx_HAL_Driver\Src\stm32f4xx_hal_flash_ex.c 0x00000000   Number         0  stm32f4xx_hal_flash_ex.o ABSOLUTE
    ..\Drivers\STM32F4xx_HAL_Driver\Src\stm32f4xx_hal_flash_ramfunc.c 0x00000000   Number         0  stm32f4xx_hal_flash_ramfunc.o ABSOLUTE
    ..\Drivers\STM32F4xx_HAL_Driver\Src\stm32f4xx_hal_gpio.c 0x00000000   Number         0  stm32f4xx_hal_gpio.o ABSOLUTE
    ..\Drivers\STM32F4xx_HAL_Driver\Src\stm32f4xx_hal_pwr.c 0x00000000   Number         0  stm32f4xx_hal_pwr.o ABSOLUTE
    ..\Drivers\STM32F4xx_HAL_Driver\Src\stm32f4xx_hal_pwr_ex.c 0x00000000   Number         0  stm32f4xx_hal_pwr_ex.o ABSOLUTE
    ..\Drivers\STM32F4xx_HAL_Driver\Src\stm32f4xx_hal_rcc.c 0x00000000   Number         0  stm32f4xx_hal_rcc.o ABSOLUTE
    ..\Drivers\STM32F4xx_HAL_Driver\Src\stm32f4xx_hal_rcc_ex.c 0x00000000   Number         0  stm32f4xx_hal_rcc_ex.o ABSOLUTE
    ..\Drivers\STM32F4xx_HAL_Driver\Src\stm32f4xx_hal_tim.c 0x00000000   Number         0  stm32f4xx_hal_tim.o ABSOLUTE
    ..\Drivers\STM32F4xx_HAL_Driver\Src\stm32f4xx_hal_tim_ex.c 0x00000000   Number         0  stm32f4xx_hal_tim_ex.o ABSOLUTE
    ..\Drivers\STM32F4xx_HAL_Driver\Src\stm32f4xx_hal_uart.c 0x00000000   Number         0  stm32f4xx_hal_uart.o ABSOLUTE
    ..\\Core\\Src\\SuperStarII.c             0x00000000   Number         0  superstarii.o ABSOLUTE
    ..\\Core\\Src\\ephemeris.c               0x00000000   Number         0  ephemeris.o ABSOLUTE
    ..\\Core\\Src\\pntpos.c                  0x00000000   Number         0  pntpos.o ABSOLUTE
    ..\\Core\\Src\\rcvraw.c                  0x00000000   Number         0  rcvraw.o ABSOLUTE
    ..\\Core\\Src\\rtkcmn.c                  0x00000000   Number         0  rtkcmn.o ABSOLUTE
    ..\\Core\\Src\\rtkpos.c                  0x00000000   Number         0  rtkpos.o ABSOLUTE
    ..\\Core\\Src\\rtksvr.c                  0x00000000   Number         0  rtksvr.o ABSOLUTE
    ..\\Core\\Src\\solution.c                0x00000000   Number         0  solution.o ABSOLUTE
    ..\\Core\\Src\\ublox.c                   0x00000000   Number         0  ublox.o ABSOLUTE
    cdcmple.s                                0x00000000   Number         0  cdcmple.o ABSOLUTE
    cdrcmple.s                               0x00000000   Number         0  cdrcmple.o ABSOLUTE
    dc.s                                     0x00000000   Number         0  dc.o ABSOLUTE
    handlers.s                               0x00000000   Number         0  handlers.o ABSOLUTE
    init.s                                   0x00000000   Number         0  init.o ABSOLUTE
    startup_stm32f407xx.s                    0x00000000   Number         0  startup_stm32f407xx.o ABSOLUTE
    RESET                                    0x08000000   Section      392  startup_stm32f407xx.o(RESET)
    .ARM.Collect$$$$00000000                 0x08000188   Section        0  entry.o(.ARM.Collect$$$$00000000)
    .ARM.Collect$$$$00000001                 0x08000188   Section        4  entry2.o(.ARM.Collect$$$$00000001)
    .ARM.Collect$$$$00000004                 0x0800018c   Section        4  entry5.o(.ARM.Collect$$$$00000004)
    .ARM.Collect$$$$00000008                 0x08000190   Section        0  entry7b.o(.ARM.Collect$$$$00000008)
    .ARM.Collect$$$$0000000A                 0x08000190   Section        0  entry8b.o(.ARM.Collect$$$$0000000A)
    .ARM.Collect$$$$0000000B                 0x08000190   Section        8  entry9a.o(.ARM.Collect$$$$0000000B)
    .ARM.Collect$$$$0000000D                 0x08000198   Section        0  entry10a.o(.ARM.Collect$$$$0000000D)
    .ARM.Collect$$$$0000000F                 0x08000198   Section        0  entry11a.o(.ARM.Collect$$$$0000000F)
    .ARM.Collect$$$$00002712                 0x08000198   Section        4  entry2.o(.ARM.Collect$$$$00002712)
    __lit__00000000                          0x08000198   Data           4  entry2.o(.ARM.Collect$$$$00002712)
    .text                                    0x0800019c   Section       36  startup_stm32f407xx.o(.text)
    $v0                                      0x0800019c   Number         0  startup_stm32f407xx.o(.text)
    .text                                    0x080001c0   Section        0  uldiv.o(.text)
    .text                                    0x08000222   Section        0  memcpya.o(.text)
    .text                                    0x08000246   Section        0  memseta.o(.text)
    .text                                    0x0800026a   Section        0  dadd.o(.text)
    .text                                    0x080003b8   Section        0  dmul.o(.text)
    .text                                    0x0800049c   Section        0  ddiv.o(.text)
    .text                                    0x0800057a   Section        0  dflti.o(.text)
    .text                                    0x0800059c   Section        0  dfltui.o(.text)
    .text                                    0x080005b6   Section        0  dfixi.o(.text)
    .text                                    0x080005f4   Section        0  llshl.o(.text)
    .text                                    0x08000612   Section        0  llushr.o(.text)
    .text                                    0x08000632   Section        0  llsshr.o(.text)
    .text                                    0x08000656   Section        0  depilogue.o(.text)
    .text                                    0x08000656   Section        0  iusefp.o(.text)
    .text                                    0x08000710   Section        0  dsqrt.o(.text)
    .text                                    0x080007b4   Section       36  init.o(.text)
    .text                                    0x080007d8   Section        0  __dczerorl.o(.text)
    i.BusFault_Handler                       0x08000812   Section        0  stm32f4xx_it.o(i.BusFault_Handler)
    i.ConfigDMA                              0x08000814   Section        0  main.o(i.ConfigDMA)
    i.ConfigLED                              0x08000870   Section        0  main.o(i.ConfigLED)
    i.ConfigTimer                            0x0800090c   Section        0  main.o(i.ConfigTimer)
    i.ConfigUART                             0x0800098c   Section        0  main.o(i.ConfigUART)
    i.DMA1_Stream4_IRQHandler                0x080009fc   Section        0  stm32f4xx_it.o(i.DMA1_Stream4_IRQHandler)
    i.DMA1_Stream5_IRQHandler                0x08000a08   Section        0  stm32f4xx_it.o(i.DMA1_Stream5_IRQHandler)
    i.DMA2_Stream1_IRQHandler                0x08000a14   Section        0  stm32f4xx_it.o(i.DMA2_Stream1_IRQHandler)
    i.DMA_CalcBaseAndBitshift                0x08000a20   Section        0  stm32f4xx_hal_dma.o(i.DMA_CalcBaseAndBitshift)
    DMA_CalcBaseAndBitshift                  0x08000a21   Thumb Code    34  stm32f4xx_hal_dma.o(i.DMA_CalcBaseAndBitshift)
    i.DMA_CheckFifoParam                     0x08000a48   Section        0  stm32f4xx_hal_dma.o(i.DMA_CheckFifoParam)
    DMA_CheckFifoParam                       0x08000a49   Thumb Code    84  stm32f4xx_hal_dma.o(i.DMA_CheckFifoParam)
    i.DMA_SetConfig                          0x08000a9c   Section        0  stm32f4xx_hal_dma.o(i.DMA_SetConfig)
    DMA_SetConfig                            0x08000a9d   Thumb Code    40  stm32f4xx_hal_dma.o(i.DMA_SetConfig)
    i.DebugMon_Handler                       0x08000ac4   Section        0  stm32f4xx_it.o(i.DebugMon_Handler)
    i.Error_Handler                          0x08000ac6   Section        0  main.o(i.Error_Handler)
    i.HAL_DMA_Abort_IT                       0x08000ac8   Section        0  stm32f4xx_hal_dma.o(i.HAL_DMA_Abort_IT)
    i.HAL_DMA_IRQHandler                     0x08000aec   Section        0  stm32f4xx_hal_dma.o(i.HAL_DMA_IRQHandler)
    i.HAL_DMA_Init                           0x08000c8c   Section        0  stm32f4xx_hal_dma.o(i.HAL_DMA_Init)
    i.HAL_DMA_Start_IT                       0x08000d60   Section        0  stm32f4xx_hal_dma.o(i.HAL_DMA_Start_IT)
    i.HAL_Delay                              0x08000dd8   Section        0  stm32f4xx_hal.o(i.HAL_Delay)
    i.HAL_GPIO_Init                          0x08000dfc   Section        0  stm32f4xx_hal_gpio.o(i.HAL_GPIO_Init)
    i.HAL_GPIO_TogglePin                     0x08000fac   Section        0  stm32f4xx_hal_gpio.o(i.HAL_GPIO_TogglePin)
    i.HAL_GPIO_WritePin                      0x08000fb4   Section        0  stm32f4xx_hal_gpio.o(i.HAL_GPIO_WritePin)
    i.HAL_GetTick                            0x08000fc0   Section        0  stm32f4xx_hal.o(i.HAL_GetTick)
    i.HAL_IncTick                            0x08000fcc   Section        0  stm32f4xx_hal.o(i.HAL_IncTick)
    i.HAL_Init                               0x08000fdc   Section        0  stm32f4xx_hal.o(i.HAL_Init)
    i.HAL_InitTick                           0x08001010   Section        0  stm32f4xx_hal.o(i.HAL_InitTick)
    i.HAL_MspInit                            0x08001050   Section        0  stm32f4xx_hal_msp.o(i.HAL_MspInit)
    i.HAL_NVIC_EnableIRQ                     0x08001080   Section        0  stm32f4xx_hal_cortex.o(i.HAL_NVIC_EnableIRQ)
    i.HAL_NVIC_SetPriority                   0x08001098   Section        0  stm32f4xx_hal_cortex.o(i.HAL_NVIC_SetPriority)
    i.HAL_NVIC_SetPriorityGrouping           0x080010d8   Section        0  stm32f4xx_hal_cortex.o(i.HAL_NVIC_SetPriorityGrouping)
    i.HAL_RCC_ClockConfig                    0x080010fc   Section        0  stm32f4xx_hal_rcc.o(i.HAL_RCC_ClockConfig)
    i.HAL_RCC_GetPCLK1Freq                   0x0800122c   Section        0  stm32f4xx_hal_rcc.o(i.HAL_RCC_GetPCLK1Freq)
    i.HAL_RCC_GetPCLK2Freq                   0x0800124c   Section        0  stm32f4xx_hal_rcc.o(i.HAL_RCC_GetPCLK2Freq)
    i.HAL_RCC_GetSysClockFreq                0x0800126c   Section        0  stm32f4xx_hal_rcc.o(i.HAL_RCC_GetSysClockFreq)
    i.HAL_RCC_OscConfig                      0x080012d0   Section        0  stm32f4xx_hal_rcc.o(i.HAL_RCC_OscConfig)
    i.HAL_SYSTICK_Config                     0x080015ec   Section        0  stm32f4xx_hal_cortex.o(i.HAL_SYSTICK_Config)
    i.HAL_TIMEx_BreakCallback                0x08001614   Section        0  stm32f4xx_hal_tim_ex.o(i.HAL_TIMEx_BreakCallback)
    i.HAL_TIMEx_CommutationCallback          0x08001616   Section        0  stm32f4xx_hal_tim_ex.o(i.HAL_TIMEx_CommutationCallback)
    i.HAL_TIMEx_MasterConfigSynchronization  0x08001618   Section        0  stm32f4xx_hal_tim_ex.o(i.HAL_TIMEx_MasterConfigSynchronization)
    i.HAL_TIM_Base_Init                      0x08001668   Section        0  stm32f4xx_hal_tim.o(i.HAL_TIM_Base_Init)
    i.HAL_TIM_Base_MspInit                   0x080016a0   Section        0  stm32f4xx_hal_msp.o(i.HAL_TIM_Base_MspInit)
    i.HAL_TIM_Base_Start_IT                  0x080016dc   Section        0  stm32f4xx_hal_tim.o(i.HAL_TIM_Base_Start_IT)
    i.HAL_TIM_ConfigClockSource              0x080016f4   Section        0  stm32f4xx_hal_tim.o(i.HAL_TIM_ConfigClockSource)
    i.HAL_TIM_IC_CaptureCallback             0x080017e6   Section        0  stm32f4xx_hal_tim.o(i.HAL_TIM_IC_CaptureCallback)
    i.HAL_TIM_IRQHandler                     0x080017e8   Section        0  stm32f4xx_hal_tim.o(i.HAL_TIM_IRQHandler)
    i.HAL_TIM_OC_DelayElapsedCallback        0x0800194e   Section        0  stm32f4xx_hal_tim.o(i.HAL_TIM_OC_DelayElapsedCallback)
    i.HAL_TIM_PWM_PulseFinishedCallback      0x08001950   Section        0  stm32f4xx_hal_tim.o(i.HAL_TIM_PWM_PulseFinishedCallback)
    i.HAL_TIM_PeriodElapsedCallback          0x08001954   Section        0  main.o(i.HAL_TIM_PeriodElapsedCallback)
    i.HAL_TIM_TriggerCallback                0x08001978   Section        0  stm32f4xx_hal_tim.o(i.HAL_TIM_TriggerCallback)
    i.HAL_UART_ErrorCallback                 0x0800197a   Section        0  stm32f4xx_hal_uart.o(i.HAL_UART_ErrorCallback)
    i.HAL_UART_IRQHandler                    0x0800197c   Section        0  stm32f4xx_hal_uart.o(i.HAL_UART_IRQHandler)
    i.HAL_UART_Init                          0x08001a8c   Section        0  stm32f4xx_hal_uart.o(i.HAL_UART_Init)
    i.HAL_UART_MspInit                       0x08001af0   Section        0  stm32f4xx_hal_msp.o(i.HAL_UART_MspInit)
    i.HAL_UART_Receive_DMA                   0x08001c98   Section        0  stm32f4xx_hal_uart.o(i.HAL_UART_Receive_DMA)
    i.HAL_UART_RxCpltCallback                0x08001d30   Section        0  main.o(i.HAL_UART_RxCpltCallback)
    i.HAL_UART_RxHalfCpltCallback            0x08001d32   Section        0  stm32f4xx_hal_uart.o(i.HAL_UART_RxHalfCpltCallback)
    i.HAL_UART_Transmit_DMA                  0x08001d34   Section        0  stm32f4xx_hal_uart.o(i.HAL_UART_Transmit_DMA)
    i.HAL_UART_TxCpltCallback                0x08001db4   Section        0  main.o(i.HAL_UART_TxCpltCallback)
    i.HAL_UART_TxHalfCpltCallback            0x08001db6   Section        0  stm32f4xx_hal_uart.o(i.HAL_UART_TxHalfCpltCallback)
    i.HardFault_Handler                      0x08001db8   Section        0  stm32f4xx_it.o(i.HardFault_Handler)
    i.MemManage_Handler                      0x08001dba   Section        0  stm32f4xx_it.o(i.MemManage_Handler)
    i.NMI_Handler                            0x08001dbc   Section        0  stm32f4xx_it.o(i.NMI_Handler)
    i.NVIC_SetPriority                       0x08001dbe   Section        0  stm32f4xx_hal_cortex.o(i.NVIC_SetPriority)
    NVIC_SetPriority                         0x08001dbf   Thumb Code    32  stm32f4xx_hal_cortex.o(i.NVIC_SetPriority)
    i.PendSV_Handler                         0x08001dde   Section        0  stm32f4xx_it.o(i.PendSV_Handler)
    i.SVC_Handler                            0x08001de0   Section        0  stm32f4xx_it.o(i.SVC_Handler)
    i.SysTick_Handler                        0x08001de2   Section        0  stm32f4xx_it.o(i.SysTick_Handler)
    i.SystemClock_Config                     0x08001de8   Section        0  main.o(i.SystemClock_Config)
    i.SystemInit                             0x08001e68   Section        0  system_stm32f4xx.o(i.SystemInit)
    i.TIM3_IRQHandler                        0x08001ebc   Section        0  stm32f4xx_it.o(i.TIM3_IRQHandler)
    i.TIM_Base_SetConfig                     0x08001ec8   Section        0  stm32f4xx_hal_tim.o(i.TIM_Base_SetConfig)
    i.TIM_ETR_SetConfig                      0x08001f88   Section        0  stm32f4xx_hal_tim.o(i.TIM_ETR_SetConfig)
    TIM_ETR_SetConfig                        0x08001f89   Thumb Code    20  stm32f4xx_hal_tim.o(i.TIM_ETR_SetConfig)
    i.TIM_ITRx_SetConfig                     0x08001f9c   Section        0  stm32f4xx_hal_tim.o(i.TIM_ITRx_SetConfig)
    TIM_ITRx_SetConfig                       0x08001f9d   Thumb Code    16  stm32f4xx_hal_tim.o(i.TIM_ITRx_SetConfig)
    i.TIM_TI1_ConfigInputStage               0x08001fac   Section        0  stm32f4xx_hal_tim.o(i.TIM_TI1_ConfigInputStage)
    TIM_TI1_ConfigInputStage                 0x08001fad   Thumb Code    34  stm32f4xx_hal_tim.o(i.TIM_TI1_ConfigInputStage)
    i.TIM_TI2_ConfigInputStage               0x08001fce   Section        0  stm32f4xx_hal_tim.o(i.TIM_TI2_ConfigInputStage)
    TIM_TI2_ConfigInputStage                 0x08001fcf   Thumb Code    36  stm32f4xx_hal_tim.o(i.TIM_TI2_ConfigInputStage)
    i.UART4_IRQHandler                       0x08001ff4   Section        0  stm32f4xx_it.o(i.UART4_IRQHandler)
    i.UART_DMAAbortOnError                   0x08002000   Section        0  stm32f4xx_hal_uart.o(i.UART_DMAAbortOnError)
    UART_DMAAbortOnError                     0x08002001   Thumb Code    16  stm32f4xx_hal_uart.o(i.UART_DMAAbortOnError)
    i.UART_DMAError                          0x08002010   Section        0  stm32f4xx_hal_uart.o(i.UART_DMAError)
    UART_DMAError                            0x08002011   Thumb Code    74  stm32f4xx_hal_uart.o(i.UART_DMAError)
    i.UART_DMAReceiveCplt                    0x0800205a   Section        0  stm32f4xx_hal_uart.o(i.UART_DMAReceiveCplt)
    UART_DMAReceiveCplt                      0x0800205b   Thumb Code    60  stm32f4xx_hal_uart.o(i.UART_DMAReceiveCplt)
    i.UART_DMARxHalfCplt                     0x08002096   Section        0  stm32f4xx_hal_uart.o(i.UART_DMARxHalfCplt)
    UART_DMARxHalfCplt                       0x08002097   Thumb Code    10  stm32f4xx_hal_uart.o(i.UART_DMARxHalfCplt)
    i.UART_DMATransmitCplt                   0x080020a0   Section        0  stm32f4xx_hal_uart.o(i.UART_DMATransmitCplt)
    UART_DMATransmitCplt                     0x080020a1   Thumb Code    46  stm32f4xx_hal_uart.o(i.UART_DMATransmitCplt)
    i.UART_DMATxHalfCplt                     0x080020ce   Section        0  stm32f4xx_hal_uart.o(i.UART_DMATxHalfCplt)
    UART_DMATxHalfCplt                       0x080020cf   Thumb Code    10  stm32f4xx_hal_uart.o(i.UART_DMATxHalfCplt)
    i.UART_EndRxTransfer                     0x080020d8   Section        0  stm32f4xx_hal_uart.o(i.UART_EndRxTransfer)
    UART_EndRxTransfer                       0x080020d9   Thumb Code    28  stm32f4xx_hal_uart.o(i.UART_EndRxTransfer)
    i.UART_EndTxTransfer                     0x080020f4   Section        0  stm32f4xx_hal_uart.o(i.UART_EndTxTransfer)
    UART_EndTxTransfer                       0x080020f5   Thumb Code    18  stm32f4xx_hal_uart.o(i.UART_EndTxTransfer)
    i.UART_Receive_IT                        0x08002106   Section        0  stm32f4xx_hal_uart.o(i.UART_Receive_IT)
    UART_Receive_IT                          0x08002107   Thumb Code   140  stm32f4xx_hal_uart.o(i.UART_Receive_IT)
    i.UART_SetConfig                         0x08002194   Section        0  stm32f4xx_hal_uart.o(i.UART_SetConfig)
    UART_SetConfig                           0x08002195   Thumb Code   676  stm32f4xx_hal_uart.o(i.UART_SetConfig)
    i.UART_Transmit_IT                       0x08002440   Section        0  stm32f4xx_hal_uart.o(i.UART_Transmit_IT)
    UART_Transmit_IT                         0x08002441   Thumb Code    98  stm32f4xx_hal_uart.o(i.UART_Transmit_IT)
    i.UsageFault_Handler                     0x080024a2   Section        0  stm32f4xx_it.o(i.UsageFault_Handler)
    i.__ARM_fpclassify                       0x080024a4   Section        0  fpclassify.o(i.__ARM_fpclassify)
    i.__hardfp_cos                           0x080024d8   Section        0  cos.o(i.__hardfp_cos)
    i.__hardfp_sin                           0x080025a0   Section        0  sin.o(i.__hardfp_sin)
    i.__hardfp_sqrt                          0x08002668   Section        0  sqrt.o(i.__hardfp_sqrt)
    i.__ieee754_rem_pio2                     0x080026e8   Section        0  rred.o(i.__ieee754_rem_pio2)
    i.__kernel_cos                           0x08002b20   Section        0  cos_i.o(i.__kernel_cos)
    i.__kernel_poly                          0x08002c90   Section        0  poly.o(i.__kernel_poly)
    i.__kernel_sin                           0x08002d88   Section        0  sin_i.o(i.__kernel_sin)
    i.__mathlib_dbl_infnan                   0x08002eb8   Section        0  dunder.o(i.__mathlib_dbl_infnan)
    i.__mathlib_dbl_invalid                  0x08002ed0   Section        0  dunder.o(i.__mathlib_dbl_invalid)
    i.__mathlib_dbl_underflow                0x08002ef0   Section        0  dunder.o(i.__mathlib_dbl_underflow)
    i.__scatterload_copy                     0x08002f10   Section       14  handlers.o(i.__scatterload_copy)
    i.__scatterload_null                     0x08002f1e   Section        2  handlers.o(i.__scatterload_null)
    i.__scatterload_zeroinit                 0x08002f20   Section       14  handlers.o(i.__scatterload_zeroinit)
    i.__set_errno                            0x08002f30   Section        0  errno.o(i.__set_errno)
    i.fabs                                   0x08002f3c   Section        0  fabs.o(i.fabs)
    i.init_raw                               0x08002f54   Section        0  rcvraw.o(i.init_raw)
    i.main                                   0x08003054   Section        0  main.o(i.main)
    i.pos2ecef                               0x080030cc   Section        0  rtkcmn.o(i.pos2ecef)
    i.rtkinit                                0x080031e8   Section        0  rtkpos.o(i.rtkinit)
    i.rtksvrstart                            0x08003390   Section        0  rtksvr.o(i.rtksvrstart)
    .constdata                               0x08003480   Section      264  rcvraw.o(.constdata)
    .constdata                               0x08003588   Section      440  rtkcmn.o(.constdata)
    .constdata                               0x08003740   Section      264  rtksvr.o(.constdata)
    .constdata                               0x08003848   Section        8  stm32f4xx_hal_dma.o(.constdata)
    flagBitshiftOffset                       0x08003848   Data           8  stm32f4xx_hal_dma.o(.constdata)
    .constdata                               0x08003850   Section       16  system_stm32f4xx.o(.constdata)
    .constdata                               0x08003860   Section        8  system_stm32f4xx.o(.constdata)
    .constdata                               0x08003868   Section       48  cos_i.o(.constdata)
    C                                        0x08003868   Data          48  cos_i.o(.constdata)
    .constdata                               0x08003898   Section      200  rred.o(.constdata)
    pio2s                                    0x08003898   Data          48  rred.o(.constdata)
    twooverpi                                0x080038c8   Data         152  rred.o(.constdata)
    .constdata                               0x08003960   Section       40  sin_i.o(.constdata)
    S                                        0x08003960   Data          40  sin_i.o(.constdata)
    .data                                    0x20000000   Section       11  main.o(.data)
    flagTimeout                              0x20000000   Data           1  main.o(.data)
    .data                                    0x2000000c   Section       12  stm32f4xx_hal.o(.data)
    .data                                    0x20000018   Section        4  system_stm32f4xx.o(.data)
    .data                                    0x2000001c   Section        4  errno.o(.data)
    _errno                                   0x2000001c   Data           4  errno.o(.data)
    IRAM1                                    0x20000020   Section     6160  rtksvr.o(IRAM1)
    result                                   0x20000020   Data         160  rtksvr.o(IRAM1)
    roverBuff                                0x200000c0   Data        3000  rtksvr.o(IRAM1)
    baseBuff                                 0x20000c78   Data        3000  rtksvr.o(IRAM1)
    IRAM2                                    0x20001830   Section    16896  rtksvr.o(IRAM2)
    eph                                      0x20001830   Data       16896  rtksvr.o(IRAM2)
    IRAM2                                    0x20005a30   Section    40168  main.o(IRAM2)
    svr                                      0x20005ab0   Data       40040  main.o(IRAM2)
    .bss                                     0x2000f718   Section    16896  rtksvr.o(.bss)
    REph                                     0x2000f718   Data        8448  rtksvr.o(.bss)
    BEph                                     0x20011818   Data        8448  rtksvr.o(.bss)
    .bss                                     0x20013918   Section       96  main.o(.bss)
    .bss                                     0x20013978   Section       96  main.o(.bss)
    .bss                                     0x200139d8   Section       96  main.o(.bss)
    .bss                                     0x20013a38   Section      148  main.o(.bss)
    STACK                                    0x20013ad0   Section     1024  startup_stm32f407xx.o(STACK)

    Global Symbols

    Symbol Name                              Value     Ov Type        Size  Object(Section)

    BuildAttributes$$THM_ISAv4$E$P$D$K$B$S$7EM$VFPi3$EXTD16$VFPS$VFMA$PE$A:L22UL41UL21$X:L11$S22US41US21$IEEE1$IW$USESV6$~STKCKD$USESV7$~SHL$OTIME$ROPI$IEEEX$EBA8$MICROLIB$REQ8$PRES8$EABIv2 0x00000000   Number         0  anon$$obj.o ABSOLUTE
    __ARM_use_no_argv                        0x00000000   Number         0  main.o ABSOLUTE
    _printf_a                                0x00000000   Number         0  stubs.o ABSOLUTE
    _printf_c                                0x00000000   Number         0  stubs.o ABSOLUTE
    _printf_charcount                        0x00000000   Number         0  stubs.o ABSOLUTE
    _printf_d                                0x00000000   Number         0  stubs.o ABSOLUTE
    _printf_e                                0x00000000   Number         0  stubs.o ABSOLUTE
    _printf_f                                0x00000000   Number         0  stubs.o ABSOLUTE
    _printf_flags                            0x00000000   Number         0  stubs.o ABSOLUTE
    _printf_fp_dec                           0x00000000   Number         0  stubs.o ABSOLUTE
    _printf_fp_hex                           0x00000000   Number         0  stubs.o ABSOLUTE
    _printf_g                                0x00000000   Number         0  stubs.o ABSOLUTE
    _printf_i                                0x00000000   Number         0  stubs.o ABSOLUTE
    _printf_int_dec                          0x00000000   Number         0  stubs.o ABSOLUTE
    _printf_l                                0x00000000   Number         0  stubs.o ABSOLUTE
    _printf_lc                               0x00000000   Number         0  stubs.o ABSOLUTE
    _printf_ll                               0x00000000   Number         0  stubs.o ABSOLUTE
    _printf_lld                              0x00000000   Number         0  stubs.o ABSOLUTE
    _printf_lli                              0x00000000   Number         0  stubs.o ABSOLUTE
    _printf_llo                              0x00000000   Number         0  stubs.o ABSOLUTE
    _printf_llu                              0x00000000   Number         0  stubs.o ABSOLUTE
    _printf_llx                              0x00000000   Number         0  stubs.o ABSOLUTE
    _printf_longlong_dec                     0x00000000   Number         0  stubs.o ABSOLUTE
    _printf_longlong_hex                     0x00000000   Number         0  stubs.o ABSOLUTE
    _printf_longlong_oct                     0x00000000   Number         0  stubs.o ABSOLUTE
    _printf_ls                               0x00000000   Number         0  stubs.o ABSOLUTE
    _printf_mbtowc                           0x00000000   Number         0  stubs.o ABSOLUTE
    _printf_n                                0x00000000   Number         0  stubs.o ABSOLUTE
    _printf_o                                0x00000000   Number         0  stubs.o ABSOLUTE
    _printf_p                                0x00000000   Number         0  stubs.o ABSOLUTE
    _printf_percent                          0x00000000   Number         0  stubs.o ABSOLUTE
    _printf_pre_padding                      0x00000000   Number         0  stubs.o ABSOLUTE
    _printf_return_value                     0x00000000   Number         0  stubs.o ABSOLUTE
    _printf_s                                0x00000000   Number         0  stubs.o ABSOLUTE
    _printf_sizespec                         0x00000000   Number         0  stubs.o ABSOLUTE
    _printf_str                              0x00000000   Number         0  stubs.o ABSOLUTE
    _printf_truncate_signed                  0x00000000   Number         0  stubs.o ABSOLUTE
    _printf_truncate_unsigned                0x00000000   Number         0  stubs.o ABSOLUTE
    _printf_u                                0x00000000   Number         0  stubs.o ABSOLUTE
    _printf_wc                               0x00000000   Number         0  stubs.o ABSOLUTE
    _printf_wctomb                           0x00000000   Number         0  stubs.o ABSOLUTE
    _printf_widthprec                        0x00000000   Number         0  stubs.o ABSOLUTE
    _printf_x                                0x00000000   Number         0  stubs.o ABSOLUTE
    __cpp_initialize__aeabi_                  - Undefined Weak Reference
    __cxa_finalize                            - Undefined Weak Reference
    _clock_init                               - Undefined Weak Reference
    _microlib_exit                            - Undefined Weak Reference
    __Vectors_Size                           0x00000188   Number         0  startup_stm32f407xx.o ABSOLUTE
    __Vectors                                0x08000000   Data           4  startup_stm32f407xx.o(RESET)
    __Vectors_End                            0x08000188   Data           0  startup_stm32f407xx.o(RESET)
    __main                                   0x08000189   Thumb Code     0  entry.o(.ARM.Collect$$$$00000000)
    _main_stk                                0x08000189   Thumb Code     0  entry2.o(.ARM.Collect$$$$00000001)
    _main_scatterload                        0x0800018d   Thumb Code     0  entry5.o(.ARM.Collect$$$$00000004)
    __main_after_scatterload                 0x08000191   Thumb Code     0  entry5.o(.ARM.Collect$$$$00000004)
    _main_clock                              0x08000191   Thumb Code     0  entry7b.o(.ARM.Collect$$$$00000008)
    _main_cpp_init                           0x08000191   Thumb Code     0  entry8b.o(.ARM.Collect$$$$0000000A)
    _main_init                               0x08000191   Thumb Code     0  entry9a.o(.ARM.Collect$$$$0000000B)
    __rt_final_cpp                           0x08000199   Thumb Code     0  entry10a.o(.ARM.Collect$$$$0000000D)
    __rt_final_exit                          0x08000199   Thumb Code     0  entry11a.o(.ARM.Collect$$$$0000000F)
    Reset_Handler                            0x0800019d   Thumb Code     8  startup_stm32f407xx.o(.text)
    ADC_IRQHandler                           0x080001b7   Thumb Code     0  startup_stm32f407xx.o(.text)
    CAN1_RX0_IRQHandler                      0x080001b7   Thumb Code     0  startup_stm32f407xx.o(.text)
    CAN1_RX1_IRQHandler                      0x080001b7   Thumb Code     0  startup_stm32f407xx.o(.text)
    CAN1_SCE_IRQHandler                      0x080001b7   Thumb Code     0  startup_stm32f407xx.o(.text)
    CAN1_TX_IRQHandler                       0x080001b7   Thumb Code     0  startup_stm32f407xx.o(.text)
    CAN2_RX0_IRQHandler                      0x080001b7   Thumb Code     0  startup_stm32f407xx.o(.text)
    CAN2_RX1_IRQHandler                      0x080001b7   Thumb Code     0  startup_stm32f407xx.o(.text)
    CAN2_SCE_IRQHandler                      0x080001b7   Thumb Code     0  startup_stm32f407xx.o(.text)
    CAN2_TX_IRQHandler                       0x080001b7   Thumb Code     0  startup_stm32f407xx.o(.text)
    DCMI_IRQHandler                          0x080001b7   Thumb Code     0  startup_stm32f407xx.o(.text)
    DMA1_Stream0_IRQHandler                  0x080001b7   Thumb Code     0  startup_stm32f407xx.o(.text)
    DMA1_Stream1_IRQHandler                  0x080001b7   Thumb Code     0  startup_stm32f407xx.o(.text)
    DMA1_Stream2_IRQHandler                  0x080001b7   Thumb Code     0  startup_stm32f407xx.o(.text)
    DMA1_Stream3_IRQHandler                  0x080001b7   Thumb Code     0  startup_stm32f407xx.o(.text)
    DMA1_Stream6_IRQHandler                  0x080001b7   Thumb Code     0  startup_stm32f407xx.o(.text)
    DMA1_Stream7_IRQHandler                  0x080001b7   Thumb Code     0  startup_stm32f407xx.o(.text)
    DMA2_Stream0_IRQHandler                  0x080001b7   Thumb Code     0  startup_stm32f407xx.o(.text)
    DMA2_Stream2_IRQHandler                  0x080001b7   Thumb Code     0  startup_stm32f407xx.o(.text)
    DMA2_Stream3_IRQHandler                  0x080001b7   Thumb Code     0  startup_stm32f407xx.o(.text)
    DMA2_Stream4_IRQHandler                  0x080001b7   Thumb Code     0  startup_stm32f407xx.o(.text)
    DMA2_Stream5_IRQHandler                  0x080001b7   Thumb Code     0  startup_stm32f407xx.o(.text)
    DMA2_Stream6_IRQHandler                  0x080001b7   Thumb Code     0  startup_stm32f407xx.o(.text)
    DMA2_Stream7_IRQHandler                  0x080001b7   Thumb Code     0  startup_stm32f407xx.o(.text)
    ETH_IRQHandler                           0x080001b7   Thumb Code     0  startup_stm32f407xx.o(.text)
    ETH_WKUP_IRQHandler                      0x080001b7   Thumb Code     0  startup_stm32f407xx.o(.text)
    EXTI0_IRQHandler                         0x080001b7   Thumb Code     0  startup_stm32f407xx.o(.text)
    EXTI15_10_IRQHandler                     0x080001b7   Thumb Code     0  startup_stm32f407xx.o(.text)
    EXTI1_IRQHandler                         0x080001b7   Thumb Code     0  startup_stm32f407xx.o(.text)
    EXTI2_IRQHandler                         0x080001b7   Thumb Code     0  startup_stm32f407xx.o(.text)
    EXTI3_IRQHandler                         0x080001b7   Thumb Code     0  startup_stm32f407xx.o(.text)
    EXTI4_IRQHandler                         0x080001b7   Thumb Code     0  startup_stm32f407xx.o(.text)
    EXTI9_5_IRQHandler                       0x080001b7   Thumb Code     0  startup_stm32f407xx.o(.text)
    FLASH_IRQHandler                         0x080001b7   Thumb Code     0  startup_stm32f407xx.o(.text)
    FMC_IRQHandler                           0x080001b7   Thumb Code     0  startup_stm32f407xx.o(.text)
    FPU_IRQHandler                           0x080001b7   Thumb Code     0  startup_stm32f407xx.o(.text)
    HASH_RNG_IRQHandler                      0x080001b7   Thumb Code     0  startup_stm32f407xx.o(.text)
    I2C1_ER_IRQHandler                       0x080001b7   Thumb Code     0  startup_stm32f407xx.o(.text)
    I2C1_EV_IRQHandler                       0x080001b7   Thumb Code     0  startup_stm32f407xx.o(.text)
    I2C2_ER_IRQHandler                       0x080001b7   Thumb Code     0  startup_stm32f407xx.o(.text)
    I2C2_EV_IRQHandler                       0x080001b7   Thumb Code     0  startup_stm32f407xx.o(.text)
    I2C3_ER_IRQHandler                       0x080001b7   Thumb Code     0  startup_stm32f407xx.o(.text)
    I2C3_EV_IRQHandler                       0x080001b7   Thumb Code     0  startup_stm32f407xx.o(.text)
    OTG_FS_IRQHandler                        0x080001b7   Thumb Code     0  startup_stm32f407xx.o(.text)
    OTG_FS_WKUP_IRQHandler                   0x080001b7   Thumb Code     0  startup_stm32f407xx.o(.text)
    OTG_HS_EP1_IN_IRQHandler                 0x080001b7   Thumb Code     0  startup_stm32f407xx.o(.text)
    OTG_HS_EP1_OUT_IRQHandler                0x080001b7   Thumb Code     0  startup_stm32f407xx.o(.text)
    OTG_HS_IRQHandler                        0x080001b7   Thumb Code     0  startup_stm32f407xx.o(.text)
    OTG_HS_WKUP_IRQHandler                   0x080001b7   Thumb Code     0  startup_stm32f407xx.o(.text)
    PVD_IRQHandler                           0x080001b7   Thumb Code     0  startup_stm32f407xx.o(.text)
    RCC_IRQHandler                           0x080001b7   Thumb Code     0  startup_stm32f407xx.o(.text)
    RTC_Alarm_IRQHandler                     0x080001b7   Thumb Code     0  startup_stm32f407xx.o(.text)
    RTC_WKUP_IRQHandler                      0x080001b7   Thumb Code     0  startup_stm32f407xx.o(.text)
    SDIO_IRQHandler                          0x080001b7   Thumb Code     0  startup_stm32f407xx.o(.text)
    SPI1_IRQHandler                          0x080001b7   Thumb Code     0  startup_stm32f407xx.o(.text)
    SPI2_IRQHandler                          0x080001b7   Thumb Code     0  startup_stm32f407xx.o(.text)
    SPI3_IRQHandler                          0x080001b7   Thumb Code     0  startup_stm32f407xx.o(.text)
    TAMP_STAMP_IRQHandler                    0x080001b7   Thumb Code     0  startup_stm32f407xx.o(.text)
    TIM1_BRK_TIM9_IRQHandler                 0x080001b7   Thumb Code     0  startup_stm32f407xx.o(.text)
    TIM1_CC_IRQHandler                       0x080001b7   Thumb Code     0  startup_stm32f407xx.o(.text)
    TIM1_TRG_COM_TIM11_IRQHandler            0x080001b7   Thumb Code     0  startup_stm32f407xx.o(.text)
    TIM1_UP_TIM10_IRQHandler                 0x080001b7   Thumb Code     0  startup_stm32f407xx.o(.text)
    TIM2_IRQHandler                          0x080001b7   Thumb Code     0  startup_stm32f407xx.o(.text)
    TIM4_IRQHandler                          0x080001b7   Thumb Code     0  startup_stm32f407xx.o(.text)
    TIM5_IRQHandler                          0x080001b7   Thumb Code     0  startup_stm32f407xx.o(.text)
    TIM6_DAC_IRQHandler                      0x080001b7   Thumb Code     0  startup_stm32f407xx.o(.text)
    TIM7_IRQHandler                          0x080001b7   Thumb Code     0  startup_stm32f407xx.o(.text)
    TIM8_BRK_TIM12_IRQHandler                0x080001b7   Thumb Code     0  startup_stm32f407xx.o(.text)
    TIM8_CC_IRQHandler                       0x080001b7   Thumb Code     0  startup_stm32f407xx.o(.text)
    TIM8_TRG_COM_TIM14_IRQHandler            0x080001b7   Thumb Code     0  startup_stm32f407xx.o(.text)
    TIM8_UP_TIM13_IRQHandler                 0x080001b7   Thumb Code     0  startup_stm32f407xx.o(.text)
    UART5_IRQHandler                         0x080001b7   Thumb Code     0  startup_stm32f407xx.o(.text)
    USART1_IRQHandler                        0x080001b7   Thumb Code     0  startup_stm32f407xx.o(.text)
    USART2_IRQHandler                        0x080001b7   Thumb Code     0  startup_stm32f407xx.o(.text)
    USART3_IRQHandler                        0x080001b7   Thumb Code     0  startup_stm32f407xx.o(.text)
    USART6_IRQHandler                        0x080001b7   Thumb Code     0  startup_stm32f407xx.o(.text)
    WWDG_IRQHandler                          0x080001b7   Thumb Code     0  startup_stm32f407xx.o(.text)
    __aeabi_uldivmod                         0x080001c1   Thumb Code    98  uldiv.o(.text)
    __aeabi_memcpy                           0x08000223   Thumb Code    36  memcpya.o(.text)
    __aeabi_memcpy4                          0x08000223   Thumb Code     0  memcpya.o(.text)
    __aeabi_memcpy8                          0x08000223   Thumb Code     0  memcpya.o(.text)
    __aeabi_memset                           0x08000247   Thumb Code    14  memseta.o(.text)
    __aeabi_memset4                          0x08000247   Thumb Code     0  memseta.o(.text)
    __aeabi_memset8                          0x08000247   Thumb Code     0  memseta.o(.text)
    __aeabi_memclr                           0x08000255   Thumb Code     4  memseta.o(.text)
    __aeabi_memclr4                          0x08000255   Thumb Code     0  memseta.o(.text)
    __aeabi_memclr8                          0x08000255   Thumb Code     0  memseta.o(.text)
    _memset$wrapper                          0x08000259   Thumb Code    18  memseta.o(.text)
    __aeabi_dadd                             0x0800026b   Thumb Code   322  dadd.o(.text)
    __aeabi_dsub                             0x080003ad   Thumb Code     6  dadd.o(.text)
    __aeabi_drsub                            0x080003b3   Thumb Code     6  dadd.o(.text)
    __aeabi_dmul                             0x080003b9   Thumb Code   228  dmul.o(.text)
    __aeabi_ddiv                             0x0800049d   Thumb Code   222  ddiv.o(.text)
    __aeabi_i2d                              0x0800057b   Thumb Code    34  dflti.o(.text)
    __aeabi_ui2d                             0x0800059d   Thumb Code    26  dfltui.o(.text)
    __aeabi_d2iz                             0x080005b7   Thumb Code    62  dfixi.o(.text)
    __aeabi_llsl                             0x080005f5   Thumb Code    30  llshl.o(.text)
    _ll_shift_l                              0x080005f5   Thumb Code     0  llshl.o(.text)
    __aeabi_llsr                             0x08000613   Thumb Code    32  llushr.o(.text)
    _ll_ushift_r                             0x08000613   Thumb Code     0  llushr.o(.text)
    __aeabi_lasr                             0x08000633   Thumb Code    36  llsshr.o(.text)
    _ll_sshift_r                             0x08000633   Thumb Code     0  llsshr.o(.text)
    __I$use$fp                               0x08000657   Thumb Code     0  iusefp.o(.text)
    _double_round                            0x08000657   Thumb Code    30  depilogue.o(.text)
    _double_epilogue                         0x08000675   Thumb Code   156  depilogue.o(.text)
    _dsqrt                                   0x08000711   Thumb Code   162  dsqrt.o(.text)
    __scatterload                            0x080007b5   Thumb Code    28  init.o(.text)
    __scatterload_rt2                        0x080007b5   Thumb Code     0  init.o(.text)
    __decompress                             0x080007d9   Thumb Code     0  __dczerorl.o(.text)
    __decompress0                            0x080007d9   Thumb Code    58  __dczerorl.o(.text)
    BusFault_Handler                         0x08000813   Thumb Code     2  stm32f4xx_it.o(i.BusFault_Handler)
    ConfigDMA                                0x08000815   Thumb Code    88  main.o(i.ConfigDMA)
    ConfigLED                                0x08000871   Thumb Code   146  main.o(i.ConfigLED)
    ConfigTimer                              0x0800090d   Thumb Code   116  main.o(i.ConfigTimer)
    ConfigUART                               0x0800098d   Thumb Code    92  main.o(i.ConfigUART)
    DMA1_Stream4_IRQHandler                  0x080009fd   Thumb Code     6  stm32f4xx_it.o(i.DMA1_Stream4_IRQHandler)
    DMA1_Stream5_IRQHandler                  0x08000a09   Thumb Code     6  stm32f4xx_it.o(i.DMA1_Stream5_IRQHandler)
    DMA2_Stream1_IRQHandler                  0x08000a15   Thumb Code     6  stm32f4xx_it.o(i.DMA2_Stream1_IRQHandler)
    DebugMon_Handler                         0x08000ac5   Thumb Code     2  stm32f4xx_it.o(i.DebugMon_Handler)
    Error_Handler                            0x08000ac7   Thumb Code     2  main.o(i.Error_Handler)
    HAL_DMA_Abort_IT                         0x08000ac9   Thumb Code    36  stm32f4xx_hal_dma.o(i.HAL_DMA_Abort_IT)
    HAL_DMA_IRQHandler                       0x08000aed   Thumb Code   412  stm32f4xx_hal_dma.o(i.HAL_DMA_IRQHandler)
    HAL_DMA_Init                             0x08000c8d   Thumb Code   206  stm32f4xx_hal_dma.o(i.HAL_DMA_Init)
    HAL_DMA_Start_IT                         0x08000d61   Thumb Code   120  stm32f4xx_hal_dma.o(i.HAL_DMA_Start_IT)
    HAL_Delay                                0x08000dd9   Thumb Code    32  stm32f4xx_hal.o(i.HAL_Delay)
    HAL_GPIO_Init                            0x08000dfd   Thumb Code   388  stm32f4xx_hal_gpio.o(i.HAL_GPIO_Init)
    HAL_GPIO_TogglePin                       0x08000fad   Thumb Code     8  stm32f4xx_hal_gpio.o(i.HAL_GPIO_TogglePin)
    HAL_GPIO_WritePin                        0x08000fb5   Thumb Code    10  stm32f4xx_hal_gpio.o(i.HAL_GPIO_WritePin)
    HAL_GetTick                              0x08000fc1   Thumb Code     6  stm32f4xx_hal.o(i.HAL_GetTick)
    HAL_IncTick                              0x08000fcd   Thumb Code    12  stm32f4xx_hal.o(i.HAL_IncTick)
    HAL_Init                                 0x08000fdd   Thumb Code    48  stm32f4xx_hal.o(i.HAL_Init)
    HAL_InitTick                             0x08001011   Thumb Code    54  stm32f4xx_hal.o(i.HAL_InitTick)
    HAL_MspInit                              0x08001051   Thumb Code    42  stm32f4xx_hal_msp.o(i.HAL_MspInit)
    HAL_NVIC_EnableIRQ                       0x08001081   Thumb Code    22  stm32f4xx_hal_cortex.o(i.HAL_NVIC_EnableIRQ)
    HAL_NVIC_SetPriority                     0x08001099   Thumb Code    60  stm32f4xx_hal_cortex.o(i.HAL_NVIC_SetPriority)
    HAL_NVIC_SetPriorityGrouping             0x080010d9   Thumb Code    26  stm32f4xx_hal_cortex.o(i.HAL_NVIC_SetPriorityGrouping)
    HAL_RCC_ClockConfig                      0x080010fd   Thumb Code   286  stm32f4xx_hal_rcc.o(i.HAL_RCC_ClockConfig)
    HAL_RCC_GetPCLK1Freq                     0x0800122d   Thumb Code    20  stm32f4xx_hal_rcc.o(i.HAL_RCC_GetPCLK1Freq)
    HAL_RCC_GetPCLK2Freq                     0x0800124d   Thumb Code    20  stm32f4xx_hal_rcc.o(i.HAL_RCC_GetPCLK2Freq)
    HAL_RCC_GetSysClockFreq                  0x0800126d   Thumb Code    88  stm32f4xx_hal_rcc.o(i.HAL_RCC_GetSysClockFreq)
    HAL_RCC_OscConfig                        0x080012d1   Thumb Code   770  stm32f4xx_hal_rcc.o(i.HAL_RCC_OscConfig)
    HAL_SYSTICK_Config                       0x080015ed   Thumb Code    40  stm32f4xx_hal_cortex.o(i.HAL_SYSTICK_Config)
    HAL_TIMEx_BreakCallback                  0x08001615   Thumb Code     2  stm32f4xx_hal_tim_ex.o(i.HAL_TIMEx_BreakCallback)
    HAL_TIMEx_CommutationCallback            0x08001617   Thumb Code     2  stm32f4xx_hal_tim_ex.o(i.HAL_TIMEx_CommutationCallback)
    HAL_TIMEx_MasterConfigSynchronization    0x08001619   Thumb Code    80  stm32f4xx_hal_tim_ex.o(i.HAL_TIMEx_MasterConfigSynchronization)
    HAL_TIM_Base_Init                        0x08001669   Thumb Code    54  stm32f4xx_hal_tim.o(i.HAL_TIM_Base_Init)
    HAL_TIM_Base_MspInit                     0x080016a1   Thumb Code    50  stm32f4xx_hal_msp.o(i.HAL_TIM_Base_MspInit)
    HAL_TIM_Base_Start_IT                    0x080016dd   Thumb Code    24  stm32f4xx_hal_tim.o(i.HAL_TIM_Base_Start_IT)
    HAL_TIM_ConfigClockSource                0x080016f5   Thumb Code   242  stm32f4xx_hal_tim.o(i.HAL_TIM_ConfigClockSource)
    HAL_TIM_IC_CaptureCallback               0x080017e7   Thumb Code     2  stm32f4xx_hal_tim.o(i.HAL_TIM_IC_CaptureCallback)
    HAL_TIM_IRQHandler                       0x080017e9   Thumb Code   358  stm32f4xx_hal_tim.o(i.HAL_TIM_IRQHandler)
    HAL_TIM_OC_DelayElapsedCallback          0x0800194f   Thumb Code     2  stm32f4xx_hal_tim.o(i.HAL_TIM_OC_DelayElapsedCallback)
    HAL_TIM_PWM_PulseFinishedCallback        0x08001951   Thumb Code     2  stm32f4xx_hal_tim.o(i.HAL_TIM_PWM_PulseFinishedCallback)
    HAL_TIM_PeriodElapsedCallback            0x08001955   Thumb Code    24  main.o(i.HAL_TIM_PeriodElapsedCallback)
    HAL_TIM_TriggerCallback                  0x08001979   Thumb Code     2  stm32f4xx_hal_tim.o(i.HAL_TIM_TriggerCallback)
    HAL_UART_ErrorCallback                   0x0800197b   Thumb Code     2  stm32f4xx_hal_uart.o(i.HAL_UART_ErrorCallback)
    HAL_UART_IRQHandler                      0x0800197d   Thumb Code   266  stm32f4xx_hal_uart.o(i.HAL_UART_IRQHandler)
    HAL_UART_Init                            0x08001a8d   Thumb Code    98  stm32f4xx_hal_uart.o(i.HAL_UART_Init)
    HAL_UART_MspInit                         0x08001af1   Thumb Code   378  stm32f4xx_hal_msp.o(i.HAL_UART_MspInit)
    HAL_UART_Receive_DMA                     0x08001c99   Thumb Code   138  stm32f4xx_hal_uart.o(i.HAL_UART_Receive_DMA)
    HAL_UART_RxCpltCallback                  0x08001d31   Thumb Code     2  main.o(i.HAL_UART_RxCpltCallback)
    HAL_UART_RxHalfCpltCallback              0x08001d33   Thumb Code     2  stm32f4xx_hal_uart.o(i.HAL_UART_RxHalfCpltCallback)
    HAL_UART_Transmit_DMA                    0x08001d35   Thumb Code   114  stm32f4xx_hal_uart.o(i.HAL_UART_Transmit_DMA)
    HAL_UART_TxCpltCallback                  0x08001db5   Thumb Code     2  main.o(i.HAL_UART_TxCpltCallback)
    HAL_UART_TxHalfCpltCallback              0x08001db7   Thumb Code     2  stm32f4xx_hal_uart.o(i.HAL_UART_TxHalfCpltCallback)
    HardFault_Handler                        0x08001db9   Thumb Code     2  stm32f4xx_it.o(i.HardFault_Handler)
    MemManage_Handler                        0x08001dbb   Thumb Code     2  stm32f4xx_it.o(i.MemManage_Handler)
    NMI_Handler                              0x08001dbd   Thumb Code     2  stm32f4xx_it.o(i.NMI_Handler)
    PendSV_Handler                           0x08001ddf   Thumb Code     2  stm32f4xx_it.o(i.PendSV_Handler)
    SVC_Handler                              0x08001de1   Thumb Code     2  stm32f4xx_it.o(i.SVC_Handler)
    SysTick_Handler                          0x08001de3   Thumb Code     4  stm32f4xx_it.o(i.SysTick_Handler)
    SystemClock_Config                       0x08001de9   Thumb Code   120  main.o(i.SystemClock_Config)
    SystemInit                               0x08001e69   Thumb Code    66  system_stm32f4xx.o(i.SystemInit)
    TIM3_IRQHandler                          0x08001ebd   Thumb Code     6  stm32f4xx_it.o(i.TIM3_IRQHandler)
    TIM_Base_SetConfig                       0x08001ec9   Thumb Code   148  stm32f4xx_hal_tim.o(i.TIM_Base_SetConfig)
    UART4_IRQHandler                         0x08001ff5   Thumb Code     6  stm32f4xx_it.o(i.UART4_IRQHandler)
    UsageFault_Handler                       0x080024a3   Thumb Code     2  stm32f4xx_it.o(i.UsageFault_Handler)
    __ARM_fpclassify                         0x080024a5   Thumb Code    48  fpclassify.o(i.__ARM_fpclassify)
    __hardfp_cos                             0x080024d9   Thumb Code   180  cos.o(i.__hardfp_cos)
    __hardfp_sin                             0x080025a1   Thumb Code   180  sin.o(i.__hardfp_sin)
    __hardfp_sqrt                            0x08002669   Thumb Code   122  sqrt.o(i.__hardfp_sqrt)
    __ieee754_rem_pio2                       0x080026e9   Thumb Code   938  rred.o(i.__ieee754_rem_pio2)
    __kernel_cos                             0x08002b21   Thumb Code   322  cos_i.o(i.__kernel_cos)
    __kernel_poly                            0x08002c91   Thumb Code   248  poly.o(i.__kernel_poly)
    __kernel_sin                             0x08002d89   Thumb Code   280  sin_i.o(i.__kernel_sin)
    __mathlib_dbl_infnan                     0x08002eb9   Thumb Code    20  dunder.o(i.__mathlib_dbl_infnan)
    __mathlib_dbl_invalid                    0x08002ed1   Thumb Code    24  dunder.o(i.__mathlib_dbl_invalid)
    __mathlib_dbl_underflow                  0x08002ef1   Thumb Code    24  dunder.o(i.__mathlib_dbl_underflow)
    __scatterload_copy                       0x08002f11   Thumb Code    14  handlers.o(i.__scatterload_copy)
    __scatterload_null                       0x08002f1f   Thumb Code     2  handlers.o(i.__scatterload_null)
    __scatterload_zeroinit                   0x08002f21   Thumb Code    14  handlers.o(i.__scatterload_zeroinit)
    __set_errno                              0x08002f31   Thumb Code     6  errno.o(i.__set_errno)
    fabs                                     0x08002f3d   Thumb Code    24  fabs.o(i.fabs)
    init_raw                                 0x08002f55   Thumb Code   242  rcvraw.o(i.init_raw)
    main                                     0x08003055   Thumb Code   102  main.o(i.main)
    pos2ecef                                 0x080030cd   Thumb Code   252  rtkcmn.o(i.pos2ecef)
    rtkinit                                  0x080031e9   Thumb Code   406  rtkpos.o(i.rtkinit)
    rtksvrstart                              0x08003391   Thumb Code   212  rtksvr.o(i.rtksvrstart)
    default_opt                              0x08003588   Data         440  rtkcmn.o(.constdata)
    AHBPrescTable                            0x08003850   Data          16  system_stm32f4xx.o(.constdata)
    APBPrescTable                            0x08003860   Data           8  system_stm32f4xx.o(.constdata)
    Region$$Table$$Base                      0x08003988   Number         0  anon$$obj.o(Region$$Table)
    Region$$Table$$Limit                     0x080039a8   Number         0  anon$$obj.o(Region$$Table)
    UART4Buffer                              0x20000001   Data          10  main.o(.data)
    uwTickFreq                               0x2000000c   Data           1  stm32f4xx_hal.o(.data)
    uwTickPrio                               0x20000010   Data           4  stm32f4xx_hal.o(.data)
    uwTick                                   0x20000014   Data           4  stm32f4xx_hal.o(.data)
    SystemCoreClock                          0x20000018   Data           4  system_stm32f4xx.o(.data)
    UartRFHandle                             0x20005a30   Data          64  main.o(IRAM2)
    TimerHandle                              0x20005a70   Data          60  main.o(IRAM2)
    hdma_uart4_tx                            0x20013918   Data          96  main.o(.bss)
    hdma_usart2_rx                           0x20013978   Data          96  main.o(.bss)
    hdma_usart6_rx                           0x200139d8   Data          96  main.o(.bss)
    UART2Buffer                              0x20013a38   Data          10  main.o(.bss)
    UART6Buffer                              0x20013a42   Data          10  main.o(.bss)
    UartResultHandle                         0x20013a4c   Data          64  main.o(.bss)
    UartGPSHandle                            0x20013a8c   Data          64  main.o(.bss)
    __initial_sp                             0x20013ed0   Data           0  startup_stm32f407xx.o(STACK)



==============================================================================

Memory Map of the image

  Image Entry point : 0x08000189

  Load Region LR_IROM1 (Base: 0x08000000, Size: 0x000130c0, Max: 0x00100000, ABSOLUTE, COMPRESSED[0x00003bac])

    Execution Region ER_IROM1 (Exec base: 0x08000000, Load base: 0x08000000, Size: 0x000039a8, Max: 0x00100000, ABSOLUTE)

    Exec Addr    Load Addr    Size         Type   Attr      Idx    E Section Name        Object

    0x08000000   0x08000000   0x00000188   Data   RO            3    RESET               startup_stm32f407xx.o
    0x08000188   0x08000188   0x00000000   Code   RO         3654  * .ARM.Collect$$$$00000000  mc_w.l(entry.o)
    0x08000188   0x08000188   0x00000004   Code   RO         4015    .ARM.Collect$$$$00000001  mc_w.l(entry2.o)
    0x0800018c   0x0800018c   0x00000004   Code   RO         4018    .ARM.Collect$$$$00000004  mc_w.l(entry5.o)
    0x08000190   0x08000190   0x00000000   Code   RO         4020    .ARM.Collect$$$$00000008  mc_w.l(entry7b.o)
    0x08000190   0x08000190   0x00000000   Code   RO         4022    .ARM.Collect$$$$0000000A  mc_w.l(entry8b.o)
    0x08000190   0x08000190   0x00000008   Code   RO         4023    .ARM.Collect$$$$0000000B  mc_w.l(entry9a.o)
    0x08000198   0x08000198   0x00000000   Code   RO         4025    .ARM.Collect$$$$0000000D  mc_w.l(entry10a.o)
    0x08000198   0x08000198   0x00000000   Code   RO         4027    .ARM.Collect$$$$0000000F  mc_w.l(entry11a.o)
    0x08000198   0x08000198   0x00000004   Code   RO         4016    .ARM.Collect$$$$00002712  mc_w.l(entry2.o)
    0x0800019c   0x0800019c   0x00000024   Code   RO            4    .text               startup_stm32f407xx.o
    0x080001c0   0x080001c0   0x00000062   Code   RO         3657    .text               mc_w.l(uldiv.o)
    0x08000222   0x08000222   0x00000024   Code   RO         3659    .text               mc_w.l(memcpya.o)
    0x08000246   0x08000246   0x00000024   Code   RO         3661    .text               mc_w.l(memseta.o)
    0x0800026a   0x0800026a   0x0000014e   Code   RO         3958    .text               mf_w.l(dadd.o)
    0x080003b8   0x080003b8   0x000000e4   Code   RO         3960    .text               mf_w.l(dmul.o)
    0x0800049c   0x0800049c   0x000000de   Code   RO         3962    .text               mf_w.l(ddiv.o)
    0x0800057a   0x0800057a   0x00000022   Code   RO         3966    .text               mf_w.l(dflti.o)
    0x0800059c   0x0800059c   0x0000001a   Code   RO         3968    .text               mf_w.l(dfltui.o)
    0x080005b6   0x080005b6   0x0000003e   Code   RO         3970    .text               mf_w.l(dfixi.o)
    0x080005f4   0x080005f4   0x0000001e   Code   RO         4034    .text               mc_w.l(llshl.o)
    0x08000612   0x08000612   0x00000020   Code   RO         4036    .text               mc_w.l(llushr.o)
    0x08000632   0x08000632   0x00000024   Code   RO         4038    .text               mc_w.l(llsshr.o)
    0x08000656   0x08000656   0x00000000   Code   RO         4049    .text               mc_w.l(iusefp.o)
    0x08000656   0x08000656   0x000000ba   Code   RO         4052    .text               mf_w.l(depilogue.o)
    0x08000710   0x08000710   0x000000a2   Code   RO         4056    .text               mf_w.l(dsqrt.o)
    0x080007b2   0x080007b2   0x00000002   PAD
    0x080007b4   0x080007b4   0x00000024   Code   RO         4060    .text               mc_w.l(init.o)
    0x080007d8   0x080007d8   0x0000003a   Code   RO         4072    .text               mc_w.l(__dczerorl.o)
    0x08000812   0x08000812   0x00000002   Code   RO         1101    i.BusFault_Handler  stm32f4xx_it.o
    0x08000814   0x08000814   0x0000005c   Code   RO          980    i.ConfigDMA         main.o
    0x08000870   0x08000870   0x0000009c   Code   RO          981    i.ConfigLED         main.o
    0x0800090c   0x0800090c   0x00000080   Code   RO          982    i.ConfigTimer       main.o
    0x0800098c   0x0800098c   0x00000070   Code   RO          983    i.ConfigUART        main.o
    0x080009fc   0x080009fc   0x0000000c   Code   RO         1102    i.DMA1_Stream4_IRQHandler  stm32f4xx_it.o
    0x08000a08   0x08000a08   0x0000000c   Code   RO         1103    i.DMA1_Stream5_IRQHandler  stm32f4xx_it.o
    0x08000a14   0x08000a14   0x0000000c   Code   RO         1104    i.DMA2_Stream1_IRQHandler  stm32f4xx_it.o
    0x08000a20   0x08000a20   0x00000028   Code   RO         2911    i.DMA_CalcBaseAndBitshift  stm32f4xx_hal_dma.o
    0x08000a48   0x08000a48   0x00000054   Code   RO         2912    i.DMA_CheckFifoParam  stm32f4xx_hal_dma.o
    0x08000a9c   0x08000a9c   0x00000028   Code   RO         2913    i.DMA_SetConfig     stm32f4xx_hal_dma.o
    0x08000ac4   0x08000ac4   0x00000002   Code   RO         1105    i.DebugMon_Handler  stm32f4xx_it.o
    0x08000ac6   0x08000ac6   0x00000002   Code   RO          984    i.Error_Handler     main.o
    0x08000ac8   0x08000ac8   0x00000024   Code   RO         2915    i.HAL_DMA_Abort_IT  stm32f4xx_hal_dma.o
    0x08000aec   0x08000aec   0x000001a0   Code   RO         2919    i.HAL_DMA_IRQHandler  stm32f4xx_hal_dma.o
    0x08000c8c   0x08000c8c   0x000000d4   Code   RO         2920    i.HAL_DMA_Init      stm32f4xx_hal_dma.o
    0x08000d60   0x08000d60   0x00000078   Code   RO         2924    i.HAL_DMA_Start_IT  stm32f4xx_hal_dma.o
    0x08000dd8   0x08000dd8   0x00000024   Code   RO         3333    i.HAL_Delay         stm32f4xx_hal.o
    0x08000dfc   0x08000dfc   0x000001b0   Code   RO         2807    i.HAL_GPIO_Init     stm32f4xx_hal_gpio.o
    0x08000fac   0x08000fac   0x00000008   Code   RO         2810    i.HAL_GPIO_TogglePin  stm32f4xx_hal_gpio.o
    0x08000fb4   0x08000fb4   0x0000000a   Code   RO         2811    i.HAL_GPIO_WritePin  stm32f4xx_hal_gpio.o
    0x08000fbe   0x08000fbe   0x00000002   PAD
    0x08000fc0   0x08000fc0   0x0000000c   Code   RO         3339    i.HAL_GetTick       stm32f4xx_hal.o
    0x08000fcc   0x08000fcc   0x00000010   Code   RO         3343    i.HAL_IncTick       stm32f4xx_hal.o
    0x08000fdc   0x08000fdc   0x00000034   Code   RO         3344    i.HAL_Init          stm32f4xx_hal.o
    0x08001010   0x08001010   0x00000040   Code   RO         3345    i.HAL_InitTick      stm32f4xx_hal.o
    0x08001050   0x08001050   0x00000030   Code   RO         1207    i.HAL_MspInit       stm32f4xx_hal_msp.o
    0x08001080   0x08001080   0x00000016   Code   RO         3196    i.HAL_NVIC_EnableIRQ  stm32f4xx_hal_cortex.o
    0x08001096   0x08001096   0x00000002   PAD
    0x08001098   0x08001098   0x00000040   Code   RO         3202    i.HAL_NVIC_SetPriority  stm32f4xx_hal_cortex.o
    0x080010d8   0x080010d8   0x00000024   Code   RO         3203    i.HAL_NVIC_SetPriorityGrouping  stm32f4xx_hal_cortex.o
    0x080010fc   0x080010fc   0x00000130   Code   RO         2453    i.HAL_RCC_ClockConfig  stm32f4xx_hal_rcc.o
    0x0800122c   0x0800122c   0x00000020   Code   RO         2460    i.HAL_RCC_GetPCLK1Freq  stm32f4xx_hal_rcc.o
    0x0800124c   0x0800124c   0x00000020   Code   RO         2461    i.HAL_RCC_GetPCLK2Freq  stm32f4xx_hal_rcc.o
    0x0800126c   0x0800126c   0x00000064   Code   RO         2462    i.HAL_RCC_GetSysClockFreq  stm32f4xx_hal_rcc.o
    0x080012d0   0x080012d0   0x0000031c   Code   RO         2465    i.HAL_RCC_OscConfig  stm32f4xx_hal_rcc.o
    0x080015ec   0x080015ec   0x00000028   Code   RO         3207    i.HAL_SYSTICK_Config  stm32f4xx_hal_cortex.o
    0x08001614   0x08001614   0x00000002   Code   RO         1887    i.HAL_TIMEx_BreakCallback  stm32f4xx_hal_tim_ex.o
    0x08001616   0x08001616   0x00000002   Code   RO         1888    i.HAL_TIMEx_CommutationCallback  stm32f4xx_hal_tim_ex.o
    0x08001618   0x08001618   0x00000050   Code   RO         1904    i.HAL_TIMEx_MasterConfigSynchronization  stm32f4xx_hal_tim_ex.o
    0x08001668   0x08001668   0x00000036   Code   RO         1258    i.HAL_TIM_Base_Init  stm32f4xx_hal_tim.o
    0x0800169e   0x0800169e   0x00000002   PAD
    0x080016a0   0x080016a0   0x0000003c   Code   RO         1209    i.HAL_TIM_Base_MspInit  stm32f4xx_hal_msp.o
    0x080016dc   0x080016dc   0x00000018   Code   RO         1263    i.HAL_TIM_Base_Start_IT  stm32f4xx_hal_tim.o
    0x080016f4   0x080016f4   0x000000f2   Code   RO         1267    i.HAL_TIM_ConfigClockSource  stm32f4xx_hal_tim.o
    0x080017e6   0x080017e6   0x00000002   Code   RO         1287    i.HAL_TIM_IC_CaptureCallback  stm32f4xx_hal_tim.o
    0x080017e8   0x080017e8   0x00000166   Code   RO         1300    i.HAL_TIM_IRQHandler  stm32f4xx_hal_tim.o
    0x0800194e   0x0800194e   0x00000002   Code   RO         1303    i.HAL_TIM_OC_DelayElapsedCallback  stm32f4xx_hal_tim.o
    0x08001950   0x08001950   0x00000002   Code   RO         1330    i.HAL_TIM_PWM_PulseFinishedCallback  stm32f4xx_hal_tim.o
    0x08001952   0x08001952   0x00000002   PAD
    0x08001954   0x08001954   0x00000024   Code   RO          985    i.HAL_TIM_PeriodElapsedCallback  main.o
    0x08001978   0x08001978   0x00000002   Code   RO         1341    i.HAL_TIM_TriggerCallback  stm32f4xx_hal_tim.o
    0x0800197a   0x0800197a   0x00000002   Code   RO         2147    i.HAL_UART_ErrorCallback  stm32f4xx_hal_uart.o
    0x0800197c   0x0800197c   0x00000110   Code   RO         2150    i.HAL_UART_IRQHandler  stm32f4xx_hal_uart.o
    0x08001a8c   0x08001a8c   0x00000062   Code   RO         2151    i.HAL_UART_Init     stm32f4xx_hal_uart.o
    0x08001aee   0x08001aee   0x00000002   PAD
    0x08001af0   0x08001af0   0x000001a8   Code   RO         1211    i.HAL_UART_MspInit  stm32f4xx_hal_msp.o
    0x08001c98   0x08001c98   0x00000098   Code   RO         2155    i.HAL_UART_Receive_DMA  stm32f4xx_hal_uart.o
    0x08001d30   0x08001d30   0x00000002   Code   RO          986    i.HAL_UART_RxCpltCallback  main.o
    0x08001d32   0x08001d32   0x00000002   Code   RO         2158    i.HAL_UART_RxHalfCpltCallback  stm32f4xx_hal_uart.o
    0x08001d34   0x08001d34   0x00000080   Code   RO         2160    i.HAL_UART_Transmit_DMA  stm32f4xx_hal_uart.o
    0x08001db4   0x08001db4   0x00000002   Code   RO          987    i.HAL_UART_TxCpltCallback  main.o
    0x08001db6   0x08001db6   0x00000002   Code   RO         2163    i.HAL_UART_TxHalfCpltCallback  stm32f4xx_hal_uart.o
    0x08001db8   0x08001db8   0x00000002   Code   RO         1106    i.HardFault_Handler  stm32f4xx_it.o
    0x08001dba   0x08001dba   0x00000002   Code   RO         1107    i.MemManage_Handler  stm32f4xx_it.o
    0x08001dbc   0x08001dbc   0x00000002   Code   RO         1108    i.NMI_Handler       stm32f4xx_it.o
    0x08001dbe   0x08001dbe   0x00000020   Code   RO         3209    i.NVIC_SetPriority  stm32f4xx_hal_cortex.o
    0x08001dde   0x08001dde   0x00000002   Code   RO         1109    i.PendSV_Handler    stm32f4xx_it.o
    0x08001de0   0x08001de0   0x00000002   Code   RO         1110    i.SVC_Handler       stm32f4xx_it.o
    0x08001de2   0x08001de2   0x00000004   Code   RO         1111    i.SysTick_Handler   stm32f4xx_it.o
    0x08001de6   0x08001de6   0x00000002   PAD
    0x08001de8   0x08001de8   0x00000080   Code   RO          991    i.SystemClock_Config  main.o
    0x08001e68   0x08001e68   0x00000054   Code   RO         3498    i.SystemInit        system_stm32f4xx.o
    0x08001ebc   0x08001ebc   0x0000000c   Code   RO         1112    i.TIM3_IRQHandler   stm32f4xx_it.o
    0x08001ec8   0x08001ec8   0x000000c0   Code   RO         1342    i.TIM_Base_SetConfig  stm32f4xx_hal_tim.o
    0x08001f88   0x08001f88   0x00000014   Code   RO         1349    i.TIM_ETR_SetConfig  stm32f4xx_hal_tim.o
    0x08001f9c   0x08001f9c   0x00000010   Code   RO         1350    i.TIM_ITRx_SetConfig  stm32f4xx_hal_tim.o
    0x08001fac   0x08001fac   0x00000022   Code   RO         1356    i.TIM_TI1_ConfigInputStage  stm32f4xx_hal_tim.o
    0x08001fce   0x08001fce   0x00000024   Code   RO         1358    i.TIM_TI2_ConfigInputStage  stm32f4xx_hal_tim.o
    0x08001ff2   0x08001ff2   0x00000002   PAD
    0x08001ff4   0x08001ff4   0x0000000c   Code   RO         1113    i.UART4_IRQHandler  stm32f4xx_it.o
    0x08002000   0x08002000   0x00000010   Code   RO         2164    i.UART_DMAAbortOnError  stm32f4xx_hal_uart.o
    0x08002010   0x08002010   0x0000004a   Code   RO         2165    i.UART_DMAError     stm32f4xx_hal_uart.o
    0x0800205a   0x0800205a   0x0000003c   Code   RO         2166    i.UART_DMAReceiveCplt  stm32f4xx_hal_uart.o
    0x08002096   0x08002096   0x0000000a   Code   RO         2168    i.UART_DMARxHalfCplt  stm32f4xx_hal_uart.o
    0x080020a0   0x080020a0   0x0000002e   Code   RO         2170    i.UART_DMATransmitCplt  stm32f4xx_hal_uart.o
    0x080020ce   0x080020ce   0x0000000a   Code   RO         2172    i.UART_DMATxHalfCplt  stm32f4xx_hal_uart.o
    0x080020d8   0x080020d8   0x0000001c   Code   RO         2174    i.UART_EndRxTransfer  stm32f4xx_hal_uart.o
    0x080020f4   0x080020f4   0x00000012   Code   RO         2175    i.UART_EndTxTransfer  stm32f4xx_hal_uart.o
    0x08002106   0x08002106   0x0000008c   Code   RO         2176    i.UART_Receive_IT   stm32f4xx_hal_uart.o
    0x08002192   0x08002192   0x00000002   PAD
    0x08002194   0x08002194   0x000002ac   Code   RO         2177    i.UART_SetConfig    stm32f4xx_hal_uart.o
    0x08002440   0x08002440   0x00000062   Code   RO         2178    i.UART_Transmit_IT  stm32f4xx_hal_uart.o
    0x080024a2   0x080024a2   0x00000002   Code   RO         1114    i.UsageFault_Handler  stm32f4xx_it.o
    0x080024a4   0x080024a4   0x00000030   Code   RO         3999    i.__ARM_fpclassify  m_wm.l(fpclassify.o)
    0x080024d4   0x080024d4   0x00000004   PAD
    0x080024d8   0x080024d8   0x000000c8   Code   RO         3572    i.__hardfp_cos      m_wm.l(cos.o)
    0x080025a0   0x080025a0   0x000000c8   Code   RO         3630    i.__hardfp_sin      m_wm.l(sin.o)
    0x08002668   0x08002668   0x0000007a   Code   RO         3642    i.__hardfp_sqrt     m_wm.l(sqrt.o)
    0x080026e2   0x080026e2   0x00000006   PAD
    0x080026e8   0x080026e8   0x00000438   Code   RO         4004    i.__ieee754_rem_pio2  m_wm.l(rred.o)
    0x08002b20   0x08002b20   0x00000170   Code   RO         3982    i.__kernel_cos      m_wm.l(cos_i.o)
    0x08002c90   0x08002c90   0x000000f8   Code   RO         4001    i.__kernel_poly     m_wm.l(poly.o)
    0x08002d88   0x08002d88   0x00000130   Code   RO         4009    i.__kernel_sin      m_wm.l(sin_i.o)
    0x08002eb8   0x08002eb8   0x00000014   Code   RO         3986    i.__mathlib_dbl_infnan  m_wm.l(dunder.o)
    0x08002ecc   0x08002ecc   0x00000004   PAD
    0x08002ed0   0x08002ed0   0x00000020   Code   RO         3988    i.__mathlib_dbl_invalid  m_wm.l(dunder.o)
    0x08002ef0   0x08002ef0   0x00000020   Code   RO         3991    i.__mathlib_dbl_underflow  m_wm.l(dunder.o)
    0x08002f10   0x08002f10   0x0000000e   Code   RO         4066    i.__scatterload_copy  mc_w.l(handlers.o)
    0x08002f1e   0x08002f1e   0x00000002   Code   RO         4067    i.__scatterload_null  mc_w.l(handlers.o)
    0x08002f20   0x08002f20   0x0000000e   Code   RO         4068    i.__scatterload_zeroinit  mc_w.l(handlers.o)
    0x08002f2e   0x08002f2e   0x00000002   PAD
    0x08002f30   0x08002f30   0x0000000c   Code   RO         4044    i.__set_errno       mc_w.l(errno.o)
    0x08002f3c   0x08002f3c   0x00000018   Code   RO         3606    i.fabs              m_wm.l(fabs.o)
    0x08002f54   0x08002f54   0x00000100   Code   RO          309    i.init_raw          rcvraw.o
    0x08003054   0x08003054   0x00000078   Code   RO          993    i.main              main.o
    0x080030cc   0x080030cc   0x0000011c   Code   RO          398    i.pos2ecef          rtkcmn.o
    0x080031e8   0x080031e8   0x000001a8   Code   RO          671    i.rtkinit           rtkpos.o
    0x08003390   0x08003390   0x000000ec   Code   RO          778    i.rtksvrstart       rtksvr.o
    0x0800347c   0x0800347c   0x00000004   PAD
    0x08003480   0x08003480   0x00000108   Data   RO          310    .constdata          rcvraw.o
    0x08003588   0x08003588   0x000001b8   Data   RO          415    .constdata          rtkcmn.o
    0x08003740   0x08003740   0x00000108   Data   RO          781    .constdata          rtksvr.o
    0x08003848   0x08003848   0x00000008   Data   RO         2926    .constdata          stm32f4xx_hal_dma.o
    0x08003850   0x08003850   0x00000010   Data   RO         3499    .constdata          system_stm32f4xx.o
    0x08003860   0x08003860   0x00000008   Data   RO         3500    .constdata          system_stm32f4xx.o
    0x08003868   0x08003868   0x00000030   Data   RO         3983    .constdata          m_wm.l(cos_i.o)
    0x08003898   0x08003898   0x000000c8   Data   RO         4006    .constdata          m_wm.l(rred.o)
    0x08003960   0x08003960   0x00000028   Data   RO         4010    .constdata          m_wm.l(sin_i.o)
    0x08003988   0x08003988   0x00000020   Data   RO         4064    Region$$Table       anon$$obj.o


    Execution Region RW_IRAM1 (Exec base: 0x20000000, Load base: 0x080039a8, Size: 0x00013ed0, Max: 0x00020000, ABSOLUTE, COMPRESSED[0x00000204])

    Exec Addr    Load Addr    Size         Type   Attr      Idx    E Section Name        Object

    0x20000000   COMPRESSED   0x0000000b   Data   RW         1001    .data               main.o
    0x2000000b   COMPRESSED   0x00000001   PAD
    0x2000000c   COMPRESSED   0x0000000c   Data   RW         3351    .data               stm32f4xx_hal.o
    0x20000018   COMPRESSED   0x00000004   Data   RW         3501    .data               system_stm32f4xx.o
    0x2000001c   COMPRESSED   0x00000004   Data   RW         4045    .data               mc_w.l(errno.o)
    0x20000020   COMPRESSED   0x00001810   Data   RW          782    IRAM1               rtksvr.o
    0x20001830   COMPRESSED   0x00004200   Data   RW          783    IRAM2               rtksvr.o
    0x20005a30   COMPRESSED   0x00009ce8   Data   RW         1002    IRAM2               main.o
    0x2000f718        -       0x00004200   Zero   RW          780    .bss                rtksvr.o
    0x20013918        -       0x00000060   Zero   RW          995    .bss                main.o
    0x20013978        -       0x00000060   Zero   RW          996    .bss                main.o
    0x200139d8        -       0x00000060   Zero   RW          997    .bss                main.o
    0x20013a38        -       0x00000094   Zero   RW          998    .bss                main.o
    0x20013acc   COMPRESSED   0x00000004   PAD
    0x20013ad0        -       0x00000400   Zero   RW            1    STACK               startup_stm32f407xx.o


==============================================================================

Image component sizes


      Code (inc. data)   RO Data    RW Data    ZI Data      Debug   Object Name

         0          0          0          0          0     686433   ephemeris.o
       778         84          0      40179        436       7082   main.o
       256         14        264          0          0       9652   rcvraw.o
       284         32        440          0          0      10439   rtkcmn.o
       424         18          0          0          0       2598   rtkpos.o
       236         24        264      23056      16896       1434   rtksvr.o
        36          8        392          0       1024        840   startup_stm32f407xx.o
       180         28          0         12          0       4617   stm32f4xx_hal.o
       194         14          0          0          0      30439   stm32f4xx_hal_cortex.o
       948         16          8          0          0       6518   stm32f4xx_hal_dma.o
       450         44          0          0          0       3061   stm32f4xx_hal_gpio.o
       532         62          0          0          0       2782   stm32f4xx_hal_msp.o
      1264         80          0          0          0       5184   stm32f4xx_hal_rcc.o
       984         44          0          0          0       9963   stm32f4xx_hal_tim.o
        84          0          0          0          0       2438   stm32f4xx_hal_tim_ex.o
      1840         42          0          0          0      12870   stm32f4xx_hal_uart.o
        80         30          0          0          0       6625   stm32f4xx_it.o
        84         18         24          4          0       1199   system_stm32f4xx.o

    ----------------------------------------------------------------------
      8674        562       1424      63252      18360     804174   Object Totals
         0          0         32          0          0          0   (incl. Generated)
        20          4          0          1          4          0   (incl. Padding)

    ----------------------------------------------------------------------

      Code (inc. data)   RO Data    RW Data    ZI Data      Debug   Library Member Name

       200         20          0          0          0        164   cos.o
       368         46         48          0          0        200   cos_i.o
        84         16          0          0          0        372   dunder.o
        24          0          0          0          0        124   fabs.o
        48          0          0          0          0        124   fpclassify.o
       248          0          0          0          0        152   poly.o
      1080        142        200          0          0        188   rred.o
       200         20          0          0          0        164   sin.o
       304         24         40          0          0        208   sin_i.o
       122          0          0          0          0        148   sqrt.o
        58          0          0          0          0          0   __dczerorl.o
         0          0          0          0          0          0   entry.o
         0          0          0          0          0          0   entry10a.o
         0          0          0          0          0          0   entry11a.o
         8          4          0          0          0          0   entry2.o
         4          0          0          0          0          0   entry5.o
         0          0          0          0          0          0   entry7b.o
         0          0          0          0          0          0   entry8b.o
         8          4          0          0          0          0   entry9a.o
        12          6          0          4          0         68   errno.o
        30          0          0          0          0          0   handlers.o
        36          8          0          0          0         68   init.o
         0          0          0          0          0          0   iusefp.o
        30          0          0          0          0         68   llshl.o
        36          0          0          0          0         68   llsshr.o
        32          0          0          0          0         68   llushr.o
        36          0          0          0          0         68   memcpya.o
        36          0          0          0          0        108   memseta.o
        98          0          0          0          0         92   uldiv.o
       334          0          0          0          0        148   dadd.o
       222          0          0          0          0        100   ddiv.o
       186          0          0          0          0        176   depilogue.o
        62          0          0          0          0         80   dfixi.o
        34          0          0          0          0         76   dflti.o
        26          0          0          0          0         76   dfltui.o
       228          0          0          0          0         96   dmul.o
       162          0          0          0          0        100   dsqrt.o

    ----------------------------------------------------------------------
      4374        290        288          4          0       3304   Library Totals
        18          0          0          0          0          0   (incl. Padding)

    ----------------------------------------------------------------------

      Code (inc. data)   RO Data    RW Data    ZI Data      Debug   Library Name

      2678        268        288          0          0       1844   m_wm.l
       424         22          0          4          0        608   mc_w.l
      1254          0          0          0          0        852   mf_w.l

    ----------------------------------------------------------------------
      4374        290        288          4          0       3304   Library Totals

    ----------------------------------------------------------------------

==============================================================================


      Code (inc. data)   RO Data    RW Data    ZI Data      Debug   

     13048        852       1712      63256      18360     797586   Grand Totals
     13048        852       1712        516      18360     797586   ELF Image Totals (compressed)
     13048        852       1712        516          0          0   ROM Totals

==============================================================================

    Total RO  Size (Code + RO Data)                14760 (  14.41kB)
    Total RW  Size (RW Data + ZI Data)             81616 (  79.70kB)
    Total ROM Size (Code + RO Data + RW Data)      15276 (  14.92kB)

==============================================================================

